152 INFO: PyInstaller: 6.20.0, contrib hooks: 2026.5
152 INFO: Python: 3.13.12
189 INFO: Platform: Windows-11-10.0.26300-SP0
190 INFO: Python environment: D:\XuanShuTool\XuanShu-Project\XuanShu\.venv
5611 INFO: Module search paths (PYTHONPATH):
['D:\\XuanShuTool\\XuanShu-Project\\XuanShu\\.venv\\Lib\\site-packages',
 'D:\\XuanShuTool\\XuanShu-Project\\XuanShu\\src',
 'D:\\XuanShuTool\\XuanShu-Project\\XuanShu',
 'D:\\program files\\Python\\python313\\python313.zip',
 'D:\\program files\\Python\\python313\\DLLs',
 'D:\\program files\\Python\\python313\\Lib',
 'D:\\program files\\Python\\python313',
 'D:\\XuanShuTool\\XuanShu-Project\\XuanShu\\.venv',
 'D:\\XuanShuTool\\XuanShu-Project\\XuanShu\\.venv\\Lib\\site-packages\\win32',
 'D:\\XuanShuTool\\XuanShu-Project\\XuanShu\\.venv\\Lib\\site-packages\\win32\\lib',
 'D:\\XuanShuTool\\XuanShu-Project\\XuanShu\\.venv\\Lib\\site-packages\\Pythonwin',
 'D:\\XuanShuTool\\XuanShu-Project\\XuanShu',
 'D:\\XuanShuTool\\XuanShu-Project\\XuanShu\\src']
5939 INFO: Appending 'datas' from .spec
5943 INFO: checking Analysis
5943 INFO: Building Analysis because Analysis-00.toc is non existent
5943 INFO: Looking for Python shared library...
5943 INFO: Using Python shared library: D:\program files\Python\python313\python313.dll
5943 INFO: Running Analysis Analysis-00.toc
5943 INFO: Target bytecode optimization level: 2
5943 INFO: Initializing module dependency graph...
5944 INFO: Initializing module graph hook caches...
5964 INFO: Analyzing modules for base_library.zip ...
6745 INFO: Processing standard module hook 'hook-encodings.py' from 'D:\\XuanShuTool\\XuanShu-Project\\XuanShu\\.venv\\Lib\\site-packages\\PyInstaller\\hooks'
8099 INFO: Processing standard module hook 'hook-heapq.py' from 'D:\\XuanShuTool\\XuanShu-Project\\XuanShu\\.venv\\Lib\\site-packages\\PyInstaller\\hooks'
9819 INFO: Processing standard module hook 'hook-pickle.py' from 'D:\\XuanShuTool\\XuanShu-Project\\XuanShu\\.venv\\Lib\\site-packages\\PyInstaller\\hooks'
11609 INFO: Caching module dependency graph...
11663 INFO: Analyzing D:\XuanShuTool\XuanShu-Project\XuanShu\XuanShu.py
12520 INFO: Processing standard module hook 'hook-multiprocessing.util.py' from 'D:\\XuanShuTool\\XuanShu-Project\\XuanShu\\.venv\\Lib\\site-packages\\PyInstaller\\hooks'
12779 INFO: Processing standard module hook 'hook-xml.py' from 'D:\\XuanShuTool\\XuanShu-Project\\XuanShu\\.venv\\Lib\\site-packages\\PyInstaller\\hooks'
13197 INFO: Processing standard module hook 'hook-sysconfig.py' from 'D:\\XuanShuTool\\XuanShu-Project\\XuanShu\\.venv\\Lib\\site-packages\\PyInstaller\\hooks'
13206 INFO: Processing standard module hook 'hook-_ctypes.py' from 'D:\\XuanShuTool\\XuanShu-Project\\XuanShu\\.venv\\Lib\\site-packages\\PyInstaller\\hooks'
13875 INFO: Processing standard module hook 'hook-platform.py' from 'D:\\XuanShuTool\\XuanShu-Project\\XuanShu\\.venv\\Lib\\site-packages\\PyInstaller\\hooks'
13905 INFO: Processing standard module hook 'hook-urllib3.py' from 'D:\\XuanShuTool\\XuanShu-Project\\XuanShu\\.venv\\Lib\\site-packages\\_pyinstaller_hooks_contrib\\stdhooks'
14057 INFO: Processing pre-safe-import-module hook 'hook-backports.py' from 'D:\\XuanShuTool\\XuanShu-Project\\XuanShu\\.venv\\Lib\\site-packages\\PyInstaller\\hooks\\pre_safe_import_module'
14058 INFO: SetuptoolsInfo: initializing cached setuptools info...
14485 INFO: Setuptools: 'backports' appears to be a full setuptools-vendored copy - creating alias to 'setuptools._vendor.backports'!
14496 INFO: Processing standard module hook 'hook-setuptools.py' from 'D:\\XuanShuTool\\XuanShu-Project\\XuanShu\\.venv\\Lib\\site-packages\\PyInstaller\\hooks'
14516 INFO: Processing pre-safe-import-module hook 'hook-distutils.py' from 'D:\\XuanShuTool\\XuanShu-Project\\XuanShu\\.venv\\Lib\\site-packages\\PyInstaller\\hooks\\pre_safe_import_module'
14567 INFO: Processing pre-safe-import-module hook 'hook-jaraco.py' from 'D:\\XuanShuTool\\XuanShu-Project\\XuanShu\\.venv\\Lib\\site-packages\\PyInstaller\\hooks\\pre_safe_import_module'
14568 INFO: Setuptools: 'jaraco' appears to be a full setuptools-vendored copy - creating alias to 'setuptools._vendor.jaraco'!
14585 INFO: Processing pre-safe-import-module hook 'hook-more_itertools.py' from 'D:\\XuanShuTool\\XuanShu-Project\\XuanShu\\.venv\\Lib\\site-packages\\PyInstaller\\hooks\\pre_safe_import_module'
14586 INFO: Setuptools: 'more_itertools' appears to be a setuptools-vendored copy - creating alias to 'setuptools._vendor.more_itertools'!
14776 INFO: Processing pre-safe-import-module hook 'hook-typing_extensions.py' from 'D:\\XuanShuTool\\XuanShu-Project\\XuanShu\\.venv\\Lib\\site-packages\\PyInstaller\\hooks\\pre_safe_import_module'
14915 INFO: Processing pre-safe-import-module hook 'hook-packaging.py' from 'D:\\XuanShuTool\\XuanShu-Project\\XuanShu\\.venv\\Lib\\site-packages\\PyInstaller\\hooks\\pre_safe_import_module'
15247 INFO: Processing standard module hook 'hook-setuptools._vendor.jaraco.text.py' from 'D:\\XuanShuTool\\XuanShu-Project\\XuanShu\\.venv\\Lib\\site-packages\\PyInstaller\\hooks'
15248 INFO: Processing pre-safe-import-module hook 'hook-importlib_resources.py' from 'D:\\XuanShuTool\\XuanShu-Project\\XuanShu\\.venv\\Lib\\site-packages\\PyInstaller\\hooks\\pre_safe_import_module'
16069 INFO: Processing pre-safe-import-module hook 'hook-importlib_metadata.py' from 'D:\\XuanShuTool\\XuanShu-Project\\XuanShu\\.venv\\Lib\\site-packages\\PyInstaller\\hooks\\pre_safe_import_module'
16070 INFO: Setuptools: 'importlib_metadata' appears to be a setuptools-vendored copy - creating alias to 'setuptools._vendor.importlib_metadata'!
16099 INFO: Processing standard module hook 'hook-setuptools._vendor.importlib_metadata.py' from 'D:\\XuanShuTool\\XuanShu-Project\\XuanShu\\.venv\\Lib\\site-packages\\PyInstaller\\hooks'
16124 INFO: Processing pre-safe-import-module hook 'hook-zipp.py' from 'D:\\XuanShuTool\\XuanShu-Project\\XuanShu\\.venv\\Lib\\site-packages\\PyInstaller\\hooks\\pre_safe_import_module'
16125 INFO: Setuptools: 'zipp' appears to be a setuptools-vendored copy - creating alias to 'setuptools._vendor.zipp'!
16338 INFO: Processing pre-safe-import-module hook 'hook-tomli.py' from 'D:\\XuanShuTool\\XuanShu-Project\\XuanShu\\.venv\\Lib\\site-packages\\PyInstaller\\hooks\\pre_safe_import_module'
16338 INFO: Setuptools: 'tomli' appears to be a setuptools-vendored copy - creating alias to 'setuptools._vendor.tomli'!
16750 INFO: Processing pre-safe-import-module hook 'hook-wheel.py' from 'D:\\XuanShuTool\\XuanShu-Project\\XuanShu\\.venv\\Lib\\site-packages\\PyInstaller\\hooks\\pre_safe_import_module'
16750 INFO: Setuptools: 'wheel' appears to be a setuptools-vendored copy - creating alias to 'setuptools._vendor.wheel'!
17192 INFO: Processing standard module hook 'hook-certifi.py' from 'D:\\XuanShuTool\\XuanShu-Project\\XuanShu\\.venv\\Lib\\site-packages\\_pyinstaller_hooks_contrib\\stdhooks'
17229 INFO: Processing standard module hook 'hook-charset_normalizer.py' from 'D:\\XuanShuTool\\XuanShu-Project\\XuanShu\\.venv\\Lib\\site-packages\\_pyinstaller_hooks_contrib\\stdhooks'
17368 INFO: Processing standard module hook 'hook-cryptography.py' from 'D:\\XuanShuTool\\XuanShu-Project\\XuanShu\\.venv\\Lib\\site-packages\\_pyinstaller_hooks_contrib\\stdhooks'
18703 INFO: hook-cryptography: cryptography does not seem to be using dynamically linked OpenSSL.
19168 INFO: Processing pre-find-module-path hook 'hook-wizwalker.py' from 'D:\\XuanShuTool\\XuanShu-Project\\XuanShu\\packaging\\pyinstaller_hooks\\pre_find_module_path'
19208 INFO: Processing standard module hook 'hook-appdirs.py' from 'D:\\XuanShuTool\\XuanShu-Project\\XuanShu\\.venv\\Lib\\site-packages\\_pyinstaller_hooks_contrib\\stdhooks'
19391 INFO: Processing standard module hook 'hook-difflib.py' from 'D:\\XuanShuTool\\XuanShu-Project\\XuanShu\\.venv\\Lib\\site-packages\\PyInstaller\\hooks'
19547 INFO: Processing standard module hook 'hook-regex.py' from 'D:\\XuanShuTool\\XuanShu-Project\\XuanShu\\.venv\\Lib\\site-packages\\_pyinstaller_hooks_contrib\\stdhooks'
20630 INFO: Processing standard module hook 'hook-PyQt6.py' from 'D:\\XuanShuTool\\XuanShu-Project\\XuanShu\\.venv\\Lib\\site-packages\\PyInstaller\\hooks'
21392 INFO: Processing standard module hook 'hook-PyQt6.QtCore.py' from 'D:\\XuanShuTool\\XuanShu-Project\\XuanShu\\.venv\\Lib\\site-packages\\PyInstaller\\hooks'
26667 INFO: Processing standard module hook 'hook-PyQt6.QtGui.py' from 'D:\\XuanShuTool\\XuanShu-Project\\XuanShu\\.venv\\Lib\\site-packages\\PyInstaller\\hooks'
47152 INFO: Processing standard module hook 'hook-PyQt6.QtSvg.py' from 'D:\\XuanShuTool\\XuanShu-Project\\XuanShu\\.venv\\Lib\\site-packages\\PyInstaller\\hooks'
49368 INFO: Processing standard module hook 'hook-PyQt6.QtWidgets.py' from 'D:\\XuanShuTool\\XuanShu-Project\\XuanShu\\.venv\\Lib\\site-packages\\PyInstaller\\hooks'
55610 INFO: Processing pre-find-module-path hook 'hook-wizwalker.extensions.wizsprinter.sprinty_combat.py' from 'D:\\XuanShuTool\\XuanShu-Project\\XuanShu\\packaging\\pyinstaller_hooks\\pre_find_module_path'
55776 INFO: Processing standard module hook 'hook-lark.py' from 'D:\\XuanShuTool\\XuanShu-Project\\XuanShu\\.venv\\Lib\\site-packages\\lark\\__pyinstaller'
57789 INFO: Processing standard module hook 'hook-xml.etree.cElementTree.py' from 'D:\\XuanShuTool\\XuanShu-Project\\XuanShu\\.venv\\Lib\\site-packages\\PyInstaller\\hooks'
57794 INFO: Processing standard module hook 'hook-shapely.py' from 'D:\\XuanShuTool\\XuanShu-Project\\XuanShu\\.venv\\Lib\\site-packages\\_pyinstaller_hooks_contrib\\stdhooks'
57841 INFO: Processing standard module hook 'hook-numpy.py' from 'D:\\XuanShuTool\\XuanShu-Project\\XuanShu\\.venv\\Lib\\site-packages\\PyInstaller\\hooks'
63775 INFO: Analyzing hidden import 'wizwalker.extensions.wizsprinter.combat_lifting'
63784 INFO: Analyzing hidden import 'wizwalker.memory.memory_objects.combat_action'
63801 INFO: Analyzing hidden import 'lark.__pyinstaller'
63803 INFO: Analyzing hidden import 'lark.__pyinstaller.hook-lark'
64135 INFO: Processing standard module hook 'hook-win32ctypes.core.py' from 'D:\\XuanShuTool\\XuanShu-Project\\XuanShu\\.venv\\Lib\\site-packages\\PyInstaller\\hooks'
64976 INFO: Processing standard module hook 'hook-pycparser.py' from 'D:\\XuanShuTool\\XuanShu-Project\\XuanShu\\.venv\\Lib\\site-packages\\_pyinstaller_hooks_contrib\\stdhooks'
65808 INFO: Analyzing hidden import 'lark.ast_utils'
65810 INFO: Analyzing hidden import 'lark.grammars'
65811 INFO: Analyzing hidden import 'lark.indenter'
65816 INFO: Analyzing hidden import 'lark.reconstruct'
65833 INFO: Analyzing hidden import 'lark.tools'
65839 INFO: Analyzing hidden import 'lark.tools.nearley'
65847 INFO: Analyzing hidden import 'lark.tools.serialize'
65850 INFO: Analyzing hidden import 'lark.tools.standalone'
65860 INFO: Analyzing hidden import 'lark.tree_templates'
65871 INFO: Processing module hooks (post-graph stage)...
65881 WARNING: Hidden import "pycparser.lextab" not found!
65881 WARNING: Hidden import "pycparser.yacctab" not found!
66030 INFO: Performing binary vs. data reclassification (195 entries)
66131 INFO: Looking for ctypes DLLs
66472 INFO: Analyzing run-time hooks ...
66472 INFO: Including custom run-time hook 'D:\\XuanShuTool\\XuanShu-Project\\XuanShu\\_pyi_rthook_font.py'
66475 INFO: Including custom run-time hook 'D:\\XuanShuTool\\XuanShu-Project\\XuanShu\\_pyi_rthook_wizsprinter.py'
66483 INFO: Including run-time hook 'pyi_rth_inspect.py' from 'D:\\XuanShuTool\\XuanShu-Project\\XuanShu\\.venv\\Lib\\site-packages\\PyInstaller\\hooks\\rthooks'
66488 INFO: Including run-time hook 'pyi_rth_pkgutil.py' from 'D:\\XuanShuTool\\XuanShu-Project\\XuanShu\\.venv\\Lib\\site-packages\\PyInstaller\\hooks\\rthooks'
66494 INFO: Including run-time hook 'pyi_rth_multiprocessing.py' from 'D:\\XuanShuTool\\XuanShu-Project\\XuanShu\\.venv\\Lib\\site-packages\\PyInstaller\\hooks\\rthooks'
66497 INFO: Including run-time hook 'pyi_rth_setuptools.py' from 'D:\\XuanShuTool\\XuanShu-Project\\XuanShu\\.venv\\Lib\\site-packages\\PyInstaller\\hooks\\rthooks'
66500 INFO: Including run-time hook 'pyi_rth_pyqt6.py' from 'D:\\XuanShuTool\\XuanShu-Project\\XuanShu\\.venv\\Lib\\site-packages\\PyInstaller\\hooks\\rthooks'
66503 INFO: Processing pre-find-module-path hook 'hook-_pyi_rth_utils.py' from 'D:\\XuanShuTool\\XuanShu-Project\\XuanShu\\.venv\\Lib\\site-packages\\PyInstaller\\hooks\\pre_find_module_path'
66507 INFO: Processing standard module hook 'hook-_pyi_rth_utils.py' from 'D:\\XuanShuTool\\XuanShu-Project\\XuanShu\\.venv\\Lib\\site-packages\\PyInstaller\\hooks'
66512 INFO: Including run-time hook 'pyi_rth_cryptography_openssl.py' from 'D:\\XuanShuTool\\XuanShu-Project\\XuanShu\\.venv\\Lib\\site-packages\\_pyinstaller_hooks_contrib\\rthooks'
66533 INFO: Creating base_library.zip...
66808 INFO: Looking for dynamic libraries
67660 INFO: Extra DLL search directories (AddDllDirectory): ['D:\\XuanShuTool\\XuanShu-Project\\XuanShu\\.venv\\Lib\\site-packages\\PyQt6\\Qt6\\bin', 'D:\\XuanShuTool\\XuanShu-Project\\XuanShu\\.venv\\Lib\\site-packages\\shapely.libs', 'D:\\XuanShuTool\\XuanShu-Project\\XuanShu\\.venv\\Lib\\site-packages\\numpy.libs']
67661 INFO: Extra DLL search directories (PATH): ['D:\\XuanShuTool\\XuanShu-Project\\XuanShu\\.venv\\Lib\\site-packages\\PyQt6\\Qt6\\bin']
69762 INFO: Warnings written to D:\XuanShuTool\XuanShu-Project\XuanShu\artifacts\auto-quest-415-import-fix-20261009-202014\build\XuanShu\warn-XuanShu.txt
69880 INFO: Graph cross-reference written to D:\XuanShuTool\XuanShu-Project\XuanShu\artifacts\auto-quest-415-import-fix-20261009-202014\build\XuanShu\xref-XuanShu.html
70199 INFO: checking PYZ
70199 INFO: Building PYZ because PYZ-00.toc is non existent
70199 INFO: Building PYZ (ZlibArchive) D:\XuanShuTool\XuanShu-Project\XuanShu\artifacts\auto-quest-415-import-fix-20261009-202014\build\XuanShu\PYZ-00.pyz
75053 INFO: Building PYZ (ZlibArchive) D:\XuanShuTool\XuanShu-Project\XuanShu\artifacts\auto-quest-415-import-fix-20261009-202014\build\XuanShu\PYZ-00.pyz completed successfully.
75093 INFO: checking PKG
75093 INFO: Building PKG because PKG-00.toc is non existent
75093 INFO: Building PKG (CArchive) XuanShu.pkg
99799 INFO: Building PKG (CArchive) XuanShu.pkg completed successfully.
99809 INFO: Bootloader D:\XuanShuTool\XuanShu-Project\XuanShu\.venv\Lib\site-packages\PyInstaller\bootloader\Windows-64bit-intel\runw.exe
99809 INFO: checking EXE
99809 INFO: Building EXE because EXE-00.toc is non existent
99809 INFO: Building EXE from EXE-00.toc
99809 INFO: Copying bootloader EXE to D:\XuanShuTool\XuanShu-Project\XuanShu\artifacts\auto-quest-415-import-fix-20261009-202014\package\XuanShu.exe
99822 INFO: Copying icon to EXE
99832 INFO: Copying version information to EXE
99844 INFO: Copying 0 resources to EXE
99845 INFO: Embedding manifest in EXE
99854 INFO: Appending PKG archive to EXE
99932 INFO: Fixing EXE headers
100370 INFO: Building EXE from EXE-00.toc completed successfully.
100376 INFO: Build complete! The results are available in: D:\XuanShuTool\XuanShu-Project\XuanShu\artifacts\auto-quest-415-import-fix-20261009-202014\package
[XuanShu.spec] wizwalker: D:\XuanShuTool\XuanShu-Project\XuanShu\.venv\Lib\site-packages\wizwalker
[XuanShu.spec] wizwalker.extensions.wizsprinter: D:\XuanShuTool\XuanShu-Project\XuanShu\.venv\Lib\site-packages\wizwalker\extensions\wizsprinter
[XuanShu.spec] wizlaunch: D:\XuanShuTool\XuanShu-Project\XuanShu\.venv\Lib\site-packages\wizlaunch
[XuanShu.spec] numpy: D:\XuanShuTool\XuanShu-Project\XuanShu\.venv\Lib\site-packages\numpy
[XuanShu.spec] shapely: D:\XuanShuTool\XuanShu-Project\XuanShu\.venv\Lib\site-packages\shapely
[XuanShu.spec] wizlaunch version: 0.3.1
[XuanShu.spec] removed 46 contaminated binaries entries
