test_cancellation_during_countdown_releases_only_this_entry_lock (tests.test_quest_party_dungeon.QuestPartyDungeonTests.test_cancellation_during_countdown_releases_only_this_entry_lock) ... ok
test_confirmed_solo_area_keeps_independent_quester_policy (tests.test_quest_party_dungeon.QuestPartyDungeonTests.test_confirmed_solo_area_keeps_independent_quester_policy) ... ok
test_delayed_confirmation_requires_every_hitter_to_change_zone (tests.test_quest_party_dungeon.QuestPartyDungeonTests.test_delayed_confirmation_requires_every_hitter_to_change_zone) ... ok
test_entrance_collection_uses_only_ready_same_instance_assigned_hitters (tests.test_quest_party_dungeon.QuestPartyDungeonTests.test_entrance_collection_uses_only_ready_same_instance_assigned_hitters) ... ok
test_entry_requires_same_destination_and_live_instance_not_merely_leaving_source (tests.test_quest_party_dungeon.QuestPartyDungeonTests.test_entry_requires_same_destination_and_live_instance_not_merely_leaving_source) ... ok
test_fast_zone_change_without_loading_sample_is_not_an_entry_timeout (tests.test_quest_party_dungeon.QuestPartyDungeonTests.test_fast_zone_change_without_loading_sample_is_not_an_entry_timeout) ... ok
test_first_hitter_departing_during_later_prompt_read_blocks_all_entry_keys (tests.test_quest_party_dungeon.QuestPartyDungeonTests.test_first_hitter_departing_during_later_prompt_read_blocks_all_entry_keys) ... ok
test_full_party_return_to_verified_entry_zone_releases_dungeon_marker (tests.test_quest_party_dungeon.QuestPartyDungeonTests.test_full_party_return_to_verified_entry_zone_releases_dungeon_marker) ... ok
test_hidden_team_up_never_enters_or_marks_group (tests.test_quest_party_dungeon.QuestPartyDungeonTests.test_hidden_team_up_never_enters_or_marks_group) ... ok
test_incomplete_entry_keeps_the_existing_probe (tests.test_quest_party_dungeon.QuestPartyDungeonTests.test_incomplete_entry_keeps_the_existing_probe) ... ok
test_new_room_keeps_verified_entry_source (tests.test_quest_party_dungeon.QuestPartyDungeonTests.test_new_room_keeps_verified_entry_source) ... ok
test_next_zone_waits_for_this_partys_hitters_before_releasing_movement (tests.test_quest_party_dungeon.QuestPartyDungeonTests.test_next_zone_waits_for_this_partys_hitters_before_releasing_movement) ... ok
test_one_arrived_hitter_cannot_release_multi_hitter_party_or_block_other_group (tests.test_quest_party_dungeon.QuestPartyDungeonTests.test_one_arrived_hitter_cannot_release_multi_hitter_party_or_block_other_group) ... ok
test_ordinary_entrance_sends_both_keys_without_claiming_sigil_evidence (tests.test_quest_party_dungeon.QuestPartyDungeonTests.test_ordinary_entrance_sends_both_keys_without_claiming_sigil_evidence) ... ok
test_ordinary_entrance_without_team_up_still_waits_for_assigned_hitter (tests.test_quest_party_dungeon.QuestPartyDungeonTests.test_ordinary_entrance_without_team_up_still_waits_for_assigned_hitter) ... ok
test_ordinary_zone_probe_does_not_hold_quester_for_slow_or_disconnected_hitter (tests.test_quest_party_dungeon.QuestPartyDungeonTests.test_ordinary_zone_probe_does_not_hold_quester_for_slow_or_disconnected_hitter) ... ok
test_partial_or_unready_entrance_list_never_sends_quester_x (tests.test_quest_party_dungeon.QuestPartyDungeonTests.test_partial_or_unready_entrance_list_never_sends_quester_x) ... ok
test_pending_dungeon_confirmation_records_real_zone_change (tests.test_quest_party_dungeon.QuestPartyDungeonTests.test_pending_dungeon_confirmation_records_real_zone_change) ... ok
test_real_entry_sends_both_x_and_waits_for_late_hitter_before_next_step (tests.test_quest_party_dungeon.QuestPartyDungeonTests.test_real_entry_sends_both_x_and_waits_for_late_hitter_before_next_step) ... ok
test_same_named_separate_instance_and_read_failure_keep_transition_pending (tests.test_quest_party_dungeon.QuestPartyDungeonTests.test_same_named_separate_instance_and_read_failure_keep_transition_pending) ... ok
test_source_transition_during_hitter_proof_prevents_both_entry_inputs (tests.test_quest_party_dungeon.QuestPartyDungeonTests.test_source_transition_during_hitter_proof_prevents_both_entry_inputs) ... ok
test_ten_second_countdown_keeps_both_members_locked_through_loading (tests.test_quest_party_dungeon.QuestPartyDungeonTests.test_ten_second_countdown_keeps_both_members_locked_through_loading) ... ok
test_auto_quest_reads_only_p1_target_and_runs_shared_movement (tests.test_quest_party_shared_target.SharedQuestTargetTests.test_auto_quest_reads_only_p1_target_and_runs_shared_movement) ... ERROR
test_auto_quest_uses_ready_interaction_before_reentry_or_shared_movement (tests.test_quest_party_shared_target.SharedQuestTargetTests.test_auto_quest_uses_ready_interaction_before_reentry_or_shared_movement) ... 
