test_active_recovery_refill_and_input_owners_are_preserved (tests.test_combat_state_recovery.CombatStateRecoveryTests.test_active_recovery_refill_and_input_owners_are_preserved) ... Executing <Task finished name='Task-2' coro=<CombatStateRecoveryTests.test_active_recovery_refill_and_input_owners_are_preserved() done, defined at D:\XuanShuTool\XuanShu-Project\XuanShu\tests\test_combat_state_recovery.py:108> result=None created at D:\program files\Python\python313\Lib\asyncio\runners.py:100> took 70.000 seconds
ok
test_actual_battle_does_not_clear_detected_state (tests.test_combat_state_recovery.CombatStateRecoveryTests.test_actual_battle_does_not_clear_detected_state) ... Executing <Task finished name='Task-7' coro=<CombatStateRecoveryTests.test_actual_battle_does_not_clear_detected_state() done, defined at D:\XuanShuTool\XuanShu-Project\XuanShu\tests\test_combat_state_recovery.py:67> result=None created at D:\program files\Python\python313\Lib\asyncio\runners.py:100> took 100.000 seconds
ok
test_hidden_dialogue_or_hidden_parent_does_not_retain_old_text (tests.test_combat_state_recovery.CombatStateRecoveryTests.test_hidden_dialogue_or_hidden_parent_does_not_retain_old_text) ... ok
test_in_battle_false_from_failed_read_is_not_ended_proof (tests.test_combat_state_recovery.CombatStateRecoveryTests.test_in_battle_false_from_failed_read_is_not_ended_proof) ... Executing <Task finished name='Task-17' coro=<CombatStateRecoveryTests.test_in_battle_false_from_failed_read_is_not_ended_proof() done, defined at D:\XuanShuTool\XuanShu-Project\XuanShu\tests\test_combat_state_recovery.py:74> result=None created at D:\program files\Python\python313\Lib\asyncio\runners.py:100> took 100.000 seconds
ok
test_loading_zone_change_and_battle_restart_stable_timer (tests.test_combat_state_recovery.CombatStateRecoveryTests.test_loading_zone_change_and_battle_restart_stable_timer) ... Executing <Task finished name='Task-22' coro=<CombatStateRecoveryTests.test_loading_zone_change_and_battle_restart_stable_timer() done, defined at D:\XuanShuTool\XuanShu-Project\XuanShu\tests\test_combat_state_recovery.py:92> result=None created at D:\program files\Python\python313\Lib\asyncio\runners.py:100> took 7.500 seconds
ok
test_new_entry_during_duel_read_is_not_cleared (tests.test_combat_state_recovery.CombatStateRecoveryTests.test_new_entry_during_duel_read_is_not_cleared) ... Executing <Task finished name='Task-27' coro=<CombatStateRecoveryTests.test_new_entry_during_duel_read_is_not_cleared() done, defined at D:\XuanShuTool\XuanShu-Project\XuanShu\tests\test_combat_state_recovery.py:122> result=None created at D:\program files\Python\python313\Lib\asyncio\runners.py:100> took 2.000 seconds
ok
test_pending_entry_keeps_seven_second_grace_then_needs_stability (tests.test_combat_state_recovery.CombatStateRecoveryTests.test_pending_entry_keeps_seven_second_grace_then_needs_stability) ... Executing <Task finished name='Task-32' coro=<CombatStateRecoveryTests.test_pending_entry_keeps_seven_second_grace_then_needs_stability() done, defined at D:\XuanShuTool\XuanShu-Project\XuanShu\tests\test_combat_state_recovery.py:82> result=None created at D:\program files\Python\python313\Lib\asyncio\runners.py:100> took 8.600 seconds
ok
test_readable_ended_duel_releases_only_own_stale_state (tests.test_combat_state_recovery.CombatStateRecoveryTests.test_readable_ended_duel_releases_only_own_stale_state) ... Executing <Task finished name='Task-37' coro=<CombatStateRecoveryTests.test_readable_ended_duel_releases_only_own_stale_state() done, defined at D:\XuanShuTool\XuanShu-Project\XuanShu\tests\test_combat_state_recovery.py:50> result=None created at D:\program files\Python\python313\Lib\asyncio\runners.py:100> took 1.500 seconds
ok
test_real_quest_gate_keeps_post_combat_cleanup_barrier (tests.test_combat_state_recovery.CombatStateRecoveryTests.test_real_quest_gate_keeps_post_combat_cleanup_barrier) ... ok
test_real_quest_gate_recovers_without_reinjection (tests.test_combat_state_recovery.CombatStateRecoveryTests.test_real_quest_gate_recovers_without_reinjection) ... Executing <Task finished name='Task-47' coro=<CombatStateRecoveryTests.test_real_quest_gate_recovers_without_reinjection() done, defined at D:\XuanShuTool\XuanShu-Project\XuanShu\tests\test_combat_state_recovery.py:138> result=None created at D:\program files\Python\python313\Lib\asyncio\runners.py:100> took 4.700 seconds
ok
test_restart_worker_calibrates_selected_client_before_questing (tests.test_combat_state_recovery.CombatStateRecoveryTests.test_restart_worker_calibrates_selected_client_before_questing) ... Executing <Task pending name='Task-52' coro=<CombatStateRecoveryTests.test_restart_worker_calibrates_selected_client_before_questing() running at D:\XuanShuTool\XuanShu-Project\XuanShu\tests\test_combat_state_recovery.py:184> wait_for=<_GatheringFuture pending cb=[Task.task_wakeup()] created at D:\program files\Python\python313\Lib\asyncio\tasks.py:765> cb=[_run_until_complete_cb() at D:\program files\Python\python313\Lib\asyncio\base_events.py:181] created at D:\program files\Python\python313\Lib\asyncio\runners.py:100> took 1.500 seconds
ok
test_return_confirmation_marker_is_never_removed_by_state_repair (tests.test_combat_state_recovery.CombatStateRecoveryTests.test_return_confirmation_marker_is_never_removed_by_state_repair) ... Executing <Task finished name='Task-59' coro=<CombatStateRecoveryTests.test_return_confirmation_marker_is_never_removed_by_state_repair() done, defined at D:\XuanShuTool\XuanShu-Project\XuanShu\tests\test_combat_state_recovery.py:132> result=None created at D:\program files\Python\python313\Lib\asyncio\runners.py:100> took 1.500 seconds
ok
test_nudge_does_not_compete_with_running_post_combat_cleanup (tests.test_combat_state_recovery.DetectionSupervisorTests.test_nudge_does_not_compete_with_running_post_combat_cleanup) ... ok
test_one_client_read_failure_retries_without_cancelling_peer (tests.test_combat_state_recovery.DetectionSupervisorTests.test_one_client_read_failure_retries_without_cancelling_peer) ... ok
test_removed_client_is_not_retried (tests.test_combat_state_recovery.DetectionSupervisorTests.test_removed_client_is_not_retried) ... ok
test_unresponsive_state_read_times_out_without_clearing_protection (tests.test_combat_state_recovery.DetectionSupervisorTests.test_unresponsive_state_read_times_out_without_clearing_protection) ... ok
test_battle_pull_protection_also_expires_after_questing_stops (tests.test_combat_state_recovery.PostCombatCleanupTests.test_battle_pull_protection_also_expires_after_questing_stops) ... ok
test_battle_pull_protection_expires_without_waiting_at_battle_point (tests.test_combat_state_recovery.PostCombatCleanupTests.test_battle_pull_protection_expires_without_waiting_at_battle_point) ... ok
test_gate_repaired_flag_drops_only_own_old_location_cache (tests.test_combat_state_recovery.PostCombatCleanupTests.test_gate_repaired_flag_drops_only_own_old_location_cache) ... ok
test_loading_or_dialogue_after_nudge_does_not_collect_or_move (tests.test_combat_state_recovery.PostCombatCleanupTests.test_loading_or_dialogue_after_nudge_does_not_collect_or_move) ... ok
test_questing_handoff_skips_wisps_old_position_and_standing_wait (tests.test_combat_state_recovery.PostCombatCleanupTests.test_questing_handoff_skips_wisps_old_position_and_standing_wait) ... ok
test_refill_keeps_its_own_movement_protection (tests.test_combat_state_recovery.PostCombatCleanupTests.test_refill_keeps_its_own_movement_protection) ... ok
test_running_nudge_is_not_competed_with_by_wisp_cleanup (tests.test_combat_state_recovery.PostCombatCleanupTests.test_running_nudge_is_not_competed_with_by_wisp_cleanup) ... ok
test_unexpired_protection_does_not_block_detection (tests.test_combat_state_recovery.PostCombatCleanupTests.test_unexpired_protection_does_not_block_detection) ... ok
test_cancelled_supervisor_drains_quest_worker (tests.test_quest_task_lifecycle.QuestTaskLifecycleTests.test_cancelled_supervisor_drains_quest_worker) ... ok
test_error_drains_sibling_before_retry (tests.test_quest_task_lifecycle.QuestTaskLifecycleTests.test_error_drains_sibling_before_retry) ... ok
test_multiple_questers_do_not_enable_finder_implicitly (tests.test_quest_task_lifecycle.QuestTaskLifecycleTests.test_multiple_questers_do_not_enable_finder_implicitly) ... Executing <Task finished name='Task-140' coro=<QuestTaskLifecycleTests.test_multiple_questers_do_not_enable_finder_implicitly() done, defined at D:\XuanShuTool\XuanShu-Project\XuanShu\tests\test_quest_task_lifecycle.py:19> result=None created at D:\program files\Python\python313\Lib\asyncio\runners.py:100> took 0.166 seconds
ok
test_queued_quest_loop_cannot_reenable_after_stop (tests.test_quest_task_lifecycle.QuestTaskLifecycleTests.test_queued_quest_loop_cannot_reenable_after_stop) ... Executing <Task finished name='Task-145' coro=<QuestTaskLifecycleTests.test_queued_quest_loop_cannot_reenable_after_stop() done, defined at D:\XuanShuTool\XuanShu-Project\XuanShu\tests\test_quest_task_lifecycle.py:162> result=None created at D:\program files\Python\python313\Lib\asyncio\runners.py:100> took 0.168 seconds
ok
test_stop_clears_run_state_and_restart_reassigns_current_clients (tests.test_quest_task_lifecycle.QuestTaskLifecycleTests.test_stop_clears_run_state_and_restart_reassigns_current_clients) ... Executing <Task finished name='Task-150' coro=<QuestTaskLifecycleTests.test_stop_clears_run_state_and_restart_reassigns_current_clients() done, defined at D:\XuanShuTool\XuanShu-Project\XuanShu\tests\test_quest_task_lifecycle.py:33> result=None created at D:\program files\Python\python313\Lib\asyncio\runners.py:100> took 0.164 seconds
ok
test_stop_drains_nested_workers (tests.test_quest_task_lifecycle.QuestTaskLifecycleTests.test_stop_drains_nested_workers) ... ok
test_client_group_flag_overrides_global_default (tests.test_quest_415_baseline.OrdinaryDialogue415Tests.test_client_group_flag_overrides_global_default) ... Executing <Task pending name='Task-163' coro=<OrdinaryDialogue415Tests.test_client_group_flag_overrides_global_default() running at D:\XuanShuTool\XuanShu-Project\XuanShu\tests\test_quest_415_baseline.py:215> wait_for=<Future pending cb=[Task.task_wakeup()] created at D:\program files\Python\python313\Lib\asyncio\base_events.py:459> cb=[_run_until_complete_cb() at D:\program files\Python\python313\Lib\asyncio\base_events.py:181] created at D:\program files\Python\python313\Lib\asyncio\runners.py:100> took 0.171 seconds
Executing <Task pending name='Task-163' coro=<OrdinaryDialogue415Tests.test_client_group_flag_overrides_global_default() running at D:\XuanShuTool\XuanShu-Project\XuanShu\tests\test_quest_415_baseline.py:217> wait_for=<Future pending cb=[Task.task_wakeup()] created at D:\program files\Python\python313\Lib\asyncio\base_events.py:459> cb=[_run_until_complete_cb() at D:\program files\Python\python313\Lib\asyncio\base_events.py:181] created at D:\program files\Python\python313\Lib\asyncio\runners.py:100> took 0.166 seconds
ok
test_global_side_accept_default_reaches_actual_acceptance (tests.test_quest_415_baseline.OrdinaryDialogue415Tests.test_global_side_accept_default_reaches_actual_acceptance) ... Executing <Task pending name='Task-172' coro=<OrdinaryDialogue415Tests.test_global_side_accept_default_reaches_actual_acceptance() running at D:\XuanShuTool\XuanShu-Project\XuanShu\tests\test_quest_415_baseline.py:205> wait_for=<Future pending cb=[Task.task_wakeup()] created at D:\program files\Python\python313\Lib\asyncio\base_events.py:459> cb=[_run_until_complete_cb() at D:\program files\Python\python313\Lib\asyncio\base_events.py:181] created at D:\program files\Python\python313\Lib\asyncio\runners.py:100> took 0.164 seconds
ok
test_one_or_many_npc_choices_exit_without_choosing_indexed_quest (tests.test_quest_415_baseline.OrdinaryDialogue415Tests.test_one_or_many_npc_choices_exit_without_choosing_indexed_quest) ... ok
test_side_accept_off_declines_without_changing_owned_quest (tests.test_quest_415_baseline.OrdinaryDialogue415Tests.test_side_accept_off_declines_without_changing_owned_quest) ... Executing <Task pending name='Task-184' coro=<OrdinaryDialogue415Tests.test_side_accept_off_declines_without_changing_owned_quest() running at D:\XuanShuTool\XuanShu-Project\XuanShu\tests\test_quest_415_baseline.py:210> wait_for=<Future pending cb=[Task.task_wakeup()] created at D:\program files\Python\python313\Lib\asyncio\base_events.py:459> cb=[_run_until_complete_cb() at D:\program files\Python\python313\Lib\asyncio\base_events.py:181] created at D:\program files\Python\python313\Lib\asyncio\runners.py:100> took 0.168 seconds
ok
test_task_only_dialogue_only_and_combined_share_old_page_rules (tests.test_quest_415_baseline.OrdinaryDialogue415Tests.test_task_only_dialogue_only_and_combined_share_old_page_rules) ... Executing <Task pending name='Task-191' coro=<OrdinaryDialogue415Tests.test_task_only_dialogue_only_and_combined_share_old_page_rules() running at D:\XuanShuTool\XuanShu-Project\XuanShu\tests\test_quest_415_baseline.py:199> wait_for=<Future pending cb=[Task.task_wakeup()] created at D:\program files\Python\python313\Lib\asyncio\base_events.py:459> cb=[_run_until_complete_cb() at D:\program files\Python\python313\Lib\asyncio\base_events.py:181] created at D:\program files\Python\python313\Lib\asyncio\runners.py:100> took 0.171 seconds
Executing <Task pending name='Task-191' coro=<OrdinaryDialogue415Tests.test_task_only_dialogue_only_and_combined_share_old_page_rules() running at D:\XuanShuTool\XuanShu-Project\XuanShu\tests\test_quest_415_baseline.py:199> wait_for=<Future pending cb=[Task.task_wakeup()] created at D:\program files\Python\python313\Lib\asyncio\base_events.py:459> cb=[_run_until_complete_cb() at D:\program files\Python\python313\Lib\asyncio\base_events.py:181] created at D:\program files\Python\python313\Lib\asyncio\runners.py:100> took 0.174 seconds
Executing <Task pending name='Task-191' coro=<OrdinaryDialogue415Tests.test_task_only_dialogue_only_and_combined_share_old_page_rules() running at D:\XuanShuTool\XuanShu-Project\XuanShu\tests\test_quest_415_baseline.py:199> wait_for=<Future pending cb=[Task.task_wakeup()] created at D:\program files\Python\python313\Lib\asyncio\base_events.py:459> cb=[_run_until_complete_cb() at D:\program files\Python\python313\Lib\asyncio\base_events.py:181] created at D:\program files\Python\python313\Lib\asyncio\runners.py:100> took 0.167 seconds
Executing <Task pending name='Task-191' coro=<OrdinaryDialogue415Tests.test_task_only_dialogue_only_and_combined_share_old_page_rules() running at D:\XuanShuTool\XuanShu-Project\XuanShu\tests\test_quest_415_baseline.py:199> wait_for=<Future pending cb=[Task.task_wakeup()] created at D:\program files\Python\python313\Lib\asyncio\base_events.py:459> cb=[_run_until_complete_cb() at D:\program files\Python\python313\Lib\asyncio\base_events.py:181] created at D:\program files\Python\python313\Lib\asyncio\runners.py:100> took 0.171 seconds
Executing <Task pending name='Task-191' coro=<OrdinaryDialogue415Tests.test_task_only_dialogue_only_and_combined_share_old_page_rules() running at D:\XuanShuTool\XuanShu-Project\XuanShu\tests\test_quest_415_baseline.py:199> wait_for=<Future pending cb=[Task.task_wakeup()] created at D:\program files\Python\python313\Lib\asyncio\base_events.py:459> cb=[_run_until_complete_cb() at D:\program files\Python\python313\Lib\asyncio\base_events.py:181] created at D:\program files\Python\python313\Lib\asyncio\runners.py:100> took 0.172 seconds
Executing <Task pending name='Task-191' coro=<OrdinaryDialogue415Tests.test_task_only_dialogue_only_and_combined_share_old_page_rules() running at D:\XuanShuTool\XuanShu-Project\XuanShu\tests\test_quest_415_baseline.py:199> wait_for=<Future pending cb=[Task.task_wakeup()] created at D:\program files\Python\python313\Lib\asyncio\base_events.py:459> cb=[_run_until_complete_cb() at D:\program files\Python\python313\Lib\asyncio\base_events.py:181] created at D:\program files\Python\python313\Lib\asyncio\runners.py:100> took 0.167 seconds
ok
test_explicit_finder_can_pause_but_disabling_it_releases_current_goal (tests.test_quest_415_baseline.OrdinaryQuest415Tests.test_explicit_finder_can_pause_but_disabling_it_releases_current_goal) ... ok
test_npc_current_goal_change_is_confirmed_without_index_lookup (tests.test_quest_415_baseline.OrdinaryQuest415Tests.test_npc_current_goal_change_is_confirmed_without_index_lookup) ... ok
test_stop_after_waiting_for_input_lock_does_not_move_or_press_x (tests.test_quest_415_baseline.OrdinaryQuest415Tests.test_stop_after_waiting_for_input_lock_does_not_move_or_press_x) ... ok
test_stop_during_loop_sleep_does_not_start_another_iteration (tests.test_quest_415_baseline.OrdinaryQuest415Tests.test_stop_during_loop_sleep_does_not_start_another_iteration) ... ok
test_stopped_loading_and_battle_clients_do_not_interact (tests.test_quest_415_baseline.OrdinaryQuest415Tests.test_stopped_loading_and_battle_clients_do_not_interact) ... ok
test_target_change_during_move_does_not_interact_with_old_target (tests.test_quest_415_baseline.OrdinaryQuest415Tests.test_target_change_during_move_does_not_interact_with_old_target) ... ok
test_unindexed_and_side_quest_current_targets_continue_without_mainline_gate (tests.test_quest_415_baseline.OrdinaryQuest415Tests.test_unindexed_and_side_quest_current_targets_continue_without_mainline_gate) ... ok
test_unknown_visible_nearby_prompt_uses_the_old_x_rule (tests.test_quest_415_baseline.OrdinaryQuest415Tests.test_unknown_visible_nearby_prompt_uses_the_old_x_rule) ... ok
test_without_visible_interaction_window_no_x_is_sent (tests.test_quest_415_baseline.OrdinaryQuest415Tests.test_without_visible_interaction_window_no_x_is_sent) ... ok
test_ambiguous_real_page_buttons_are_still_rejected (tests.test_mainline_finder.MainlineFinderTests.test_ambiguous_real_page_buttons_are_still_rejected) ... ok
test_background_alone_is_not_a_page_button (tests.test_mainline_finder.MainlineFinderTests.test_background_alone_is_not_a_page_button) ... ok
test_brief_identity_read_failure_does_not_resume_side_quest (tests.test_mainline_finder.MainlineFinderTests.test_brief_identity_read_failure_does_not_resume_side_quest) ... ok
test_confirmed_side_quest_waits_three_reads_then_claims_lock (tests.test_mainline_finder.MainlineFinderTests.test_confirmed_side_quest_waits_three_reads_then_claims_lock) ... ok
test_dialogue_settles_latest_quest_even_with_finder_disabled (tests.test_mainline_finder.MainlineFinderTests.test_dialogue_settles_latest_quest_even_with_finder_disabled) ... ok
test_disabled_does_not_read_or_interrupt_side_quest (tests.test_mainline_finder.MainlineFinderTests.test_disabled_does_not_read_or_interrupt_side_quest) ... ok
test_fallback_page_button_ignores_backgrounds (tests.test_mainline_finder.MainlineFinderTests.test_fallback_page_button_ignores_backgrounds) ... ok
test_finder_guided_npc_can_offer_quest_not_yet_owned (tests.test_mainline_finder.MainlineFinderTests.test_finder_guided_npc_can_offer_quest_not_yet_owned) ... ok
test_finder_scan_uses_left_button_and_ignores_card_children (tests.test_mainline_finder.MainlineFinderTests.test_finder_scan_uses_left_button_and_ignores_card_children) ... ok
test_flip_until_finder_without_fixed_page_count (tests.test_mainline_finder.MainlineFinderTests.test_flip_until_finder_without_fixed_page_count) ... ok
test_game_flag_does_not_allow_index_miss_movement (tests.test_mainline_finder.MainlineFinderTests.test_game_flag_does_not_allow_index_miss_movement) ... ok
test_known_cave_does_not_redirect_explicit_finder_to_dungeon_reselection (tests.test_mainline_finder.MainlineFinderTests.test_known_cave_does_not_redirect_explicit_finder_to_dungeon_reselection) ... ok
test_known_page_buttons_take_priority_over_backgrounds_and_arrow_children (tests.test_mainline_finder.MainlineFinderTests.test_known_page_buttons_take_priority_over_backgrounds_and_arrow_children) ... ok
test_live_elephant_march_is_recognized_and_does_not_seek_another_quest (tests.test_mainline_finder.MainlineFinderTests.test_live_elephant_march_is_recognized_and_does_not_seek_another_quest) ... ok
test_missing_all_quests_button_stops_finder_before_scan (tests.test_mainline_finder.MainlineFinderTests.test_missing_all_quests_button_stops_finder_before_scan) ... ok
test_normal_mainline_does_not_trigger (tests.test_mainline_finder.MainlineFinderTests.test_normal_mainline_does_not_trigger) ... ok
test_npc_range_does_not_permanently_block_finder (tests.test_mainline_finder.MainlineFinderTests.test_npc_range_does_not_permanently_block_finder) ... ok
test_offer_requires_title_and_verified_mainline_quest_data (tests.test_mainline_finder.MainlineFinderTests.test_offer_requires_title_and_verified_mainline_quest_data) ... Executing <Task finished name='Task-359' coro=<MainlineFinderTests.test_offer_requires_title_and_verified_mainline_quest_data() done, defined at D:\XuanShuTool\XuanShu-Project\XuanShu\tests\test_mainline_finder.py:403> result=None created at D:\program files\Python\python313\Lib\asyncio\runners.py:100> took 0.103 seconds
ok
test_owned_matching_mainline_skips_finder_and_acceptance (tests.test_mainline_finder.MainlineFinderTests.test_owned_matching_mainline_skips_finder_and_acceptance) ... ok
test_questbook_finds_card_and_named_right_button_under_parent (tests.test_mainline_finder.MainlineFinderTests.test_questbook_finds_card_and_named_right_button_under_parent) ... ok
test_questbook_only_matches_visible_starred_cards (tests.test_mainline_finder.MainlineFinderTests.test_questbook_only_matches_visible_starred_cards) ... ok
test_questbook_refuses_ambiguous_right_button (tests.test_mainline_finder.MainlineFinderTests.test_questbook_refuses_ambiguous_right_button) ... ok
test_repeated_page_stops_and_closes_menu (tests.test_mainline_finder.MainlineFinderTests.test_repeated_page_stops_and_closes_menu) ... ok
test_stable_previous_mainline_can_seek_specific_next_id (tests.test_mainline_finder.MainlineFinderTests.test_stable_previous_mainline_can_seek_specific_next_id) ... ok
test_unindexed_mainline_runs_finder_after_stable_wait (tests.test_mainline_finder.MainlineFinderTests.test_unindexed_mainline_runs_finder_after_stable_wait) ... ok
test_unknown_dialogue_is_not_advanced_blindly (tests.test_mainline_finder.MainlineFinderTests.test_unknown_dialogue_is_not_advanced_blindly) ... ok
test_unverified_offer_is_declined (tests.test_mainline_finder.MainlineFinderTests.test_unverified_offer_is_declined) ... ok
test_verified_offer_requires_matching_new_tracked_quest (tests.test_mainline_finder.MainlineFinderTests.test_verified_offer_requires_matching_new_tracked_quest) ... ok
test_zero_quest_id_needs_longer_stability_after_handoff (tests.test_mainline_finder.MainlineFinderTests.test_zero_quest_id_needs_longer_stability_after_handoff) ... ok

----------------------------------------------------------------------
Ran 73 tests in 9.565s

OK
