test_client_group_flag_overrides_global_default (tests.test_quest_415_baseline.OrdinaryDialogue415Tests.test_client_group_flag_overrides_global_default) ... Executing <Task pending name='Task-2' coro=<OrdinaryDialogue415Tests.test_client_group_flag_overrides_global_default() running at D:\XuanShuTool\XuanShu-Project\XuanShu\tests\test_quest_415_baseline.py:228> wait_for=<Future pending cb=[Task.task_wakeup()] created at D:\program files\Python\python313\Lib\asyncio\base_events.py:459> cb=[_run_until_complete_cb() at D:\program files\Python\python313\Lib\asyncio\base_events.py:181] created at D:\program files\Python\python313\Lib\asyncio\runners.py:100> took 0.143 seconds
ok
test_global_side_accept_default_reaches_actual_acceptance (tests.test_quest_415_baseline.OrdinaryDialogue415Tests.test_global_side_accept_default_reaches_actual_acceptance) ... ok
test_one_or_many_npc_choices_exit_without_choosing_indexed_quest (tests.test_quest_415_baseline.OrdinaryDialogue415Tests.test_one_or_many_npc_choices_exit_without_choosing_indexed_quest) ... ok
test_side_accept_off_declines_without_changing_owned_quest (tests.test_quest_415_baseline.OrdinaryDialogue415Tests.test_side_accept_off_declines_without_changing_owned_quest) ... ok
test_task_only_dialogue_only_and_combined_share_old_page_rules (tests.test_quest_415_baseline.OrdinaryDialogue415Tests.test_task_only_dialogue_only_and_combined_share_old_page_rules) ... ok
test_explicit_finder_can_pause_but_disabling_it_releases_current_goal (tests.test_quest_415_baseline.OrdinaryQuest415Tests.test_explicit_finder_can_pause_but_disabling_it_releases_current_goal) ... ok
test_npc_current_goal_change_is_confirmed_without_index_lookup (tests.test_quest_415_baseline.OrdinaryQuest415Tests.test_npc_current_goal_change_is_confirmed_without_index_lookup) ... ok
test_ordinary_quester_advances_with_loading_refilling_or_stopped_hitter (tests.test_quest_415_baseline.OrdinaryQuest415Tests.test_ordinary_quester_advances_with_loading_refilling_or_stopped_hitter) ... ok
test_stop_after_waiting_for_input_lock_does_not_move_or_press_x (tests.test_quest_415_baseline.OrdinaryQuest415Tests.test_stop_after_waiting_for_input_lock_does_not_move_or_press_x) ... ok
test_stop_during_loop_sleep_does_not_start_another_iteration (tests.test_quest_415_baseline.OrdinaryQuest415Tests.test_stop_during_loop_sleep_does_not_start_another_iteration) ... ok
test_stopped_loading_and_battle_clients_do_not_interact (tests.test_quest_415_baseline.OrdinaryQuest415Tests.test_stopped_loading_and_battle_clients_do_not_interact) ... ok
test_target_change_during_move_does_not_interact_with_old_target (tests.test_quest_415_baseline.OrdinaryQuest415Tests.test_target_change_during_move_does_not_interact_with_old_target) ... ok
test_unindexed_and_side_quest_current_targets_continue_without_mainline_gate (tests.test_quest_415_baseline.OrdinaryQuest415Tests.test_unindexed_and_side_quest_current_targets_continue_without_mainline_gate) ... ok
test_unknown_visible_nearby_prompt_uses_the_old_x_rule (tests.test_quest_415_baseline.OrdinaryQuest415Tests.test_unknown_visible_nearby_prompt_uses_the_old_x_rule) ... ok
test_without_visible_interaction_window_no_x_is_sent (tests.test_quest_415_baseline.OrdinaryQuest415Tests.test_without_visible_interaction_window_no_x_is_sent) ... ok
test_confirmed_same_room_with_unreadable_proof_waits_without_friend_teleport (tests.test_quest_party_shared_target.SameInstanceFollowTests.test_confirmed_same_room_with_unreadable_proof_waits_without_friend_teleport) ... ok
test_unconfirmed_instance_still_allows_existing_friend_recovery (tests.test_quest_party_shared_target.SameInstanceFollowTests.test_unconfirmed_instance_still_allows_existing_friend_recovery) ... ok

----------------------------------------------------------------------
Ran 17 tests in 1.709s

OK
