test_leader_completing_first_does_not_cancel_slow_hitter (tests.test_quest_party_shared_target.SharedQuestTargetTests.test_leader_completing_first_does_not_cancel_slow_hitter) ... ok
test_early_zone_and_goal_change_does_not_cancel_remaining_hitter (tests.test_quest_party_shared_target.SharedQuestTargetTests.test_early_zone_and_goal_change_does_not_cancel_remaining_hitter) ... ok
test_both_start_concurrently_with_same_target_and_quester_context (tests.test_quest_party_shared_target.SharedQuestTargetTests.test_both_start_concurrently_with_same_target_and_quester_context) ... ok
test_existing_target_recovery_can_still_claim_ownership (tests.test_quest_party_shared_target.SharedQuestTargetTests.test_existing_target_recovery_can_still_claim_ownership) ... ok
test_unproved_hitter_instance_pauses_the_whole_party (tests.test_quest_party_shared_target.SharedQuestTargetTests.test_unproved_hitter_instance_pauses_the_whole_party) ... ok
test_busy_or_departed_hitter_pauses_the_whole_party (tests.test_quest_party_shared_target.SharedQuestTargetTests.test_busy_or_departed_hitter_pauses_the_whole_party) ... ok
test_source_post_combat_cleanup_does_not_start_group_movement (tests.test_quest_party_shared_target.SharedQuestTargetTests.test_source_post_combat_cleanup_does_not_start_group_movement) ... ok
test_transition_during_preflight_prevents_all_old_input (tests.test_quest_party_shared_target.SharedQuestTargetTests.test_transition_during_preflight_prevents_all_old_input) ... ok
test_confirmed_solo_zone_keeps_existing_quester_only_move (tests.test_quest_party_shared_target.SharedQuestTargetTests.test_confirmed_solo_zone_keeps_existing_quester_only_move) ... ok
test_normal_zone_moves_only_quester_and_leaves_independent_follow (tests.test_quest_party_shared_target.SharedQuestTargetTests.test_normal_zone_moves_only_quester_and_leaves_independent_follow) ... ok
test_ordinary_hitter_loading_refilling_stopped_or_behind_never_holds_quester (tests.test_quest_party_shared_target.SharedQuestTargetTests.test_ordinary_hitter_loading_refilling_stopped_or_behind_never_holds_quester) ... ok
test_stale_solo_flag_cannot_turn_ordinary_travel_into_group_barrier (tests.test_quest_party_shared_target.SharedQuestTargetTests.test_stale_solo_flag_cannot_turn_ordinary_travel_into_group_barrier) ... ok
test_split_shared_room_never_falls_back_to_solo_movement (tests.test_quest_party_shared_target.SharedQuestTargetTests.test_split_shared_room_never_falls_back_to_solo_movement) ... ok
test_whole_party_proof_overrides_stale_solo_flag (tests.test_quest_party_shared_target.SharedQuestTargetTests.test_whole_party_proof_overrides_stale_solo_flag) ... ok
test_recovery_started_during_preflight_prevents_all_input (tests.test_quest_party_shared_target.SharedQuestTargetTests.test_recovery_started_during_preflight_prevents_all_input) ... ok
test_hitter_failure_cancels_and_drains_the_whole_movement (tests.test_quest_party_shared_target.SharedQuestTargetTests.test_hitter_failure_cancels_and_drains_the_whole_movement) ... ok
test_slow_presence_check_never_launches_the_quester_first (tests.test_quest_party_shared_target.SharedQuestTargetTests.test_slow_presence_check_never_launches_the_quester_first) ... ok
test_quester_own_busy_state_still_blocks_its_input (tests.test_quest_party_shared_target.SharedQuestTargetTests.test_quester_own_busy_state_still_blocks_its_input) ... ok
test_goal_change_cancels_both_old_movements (tests.test_quest_party_shared_target.SharedQuestTargetTests.test_goal_change_cancels_both_old_movements) ... ok
test_quester_failure_still_cancels_outstanding_hitter_movement (tests.test_quest_party_shared_target.SharedQuestTargetTests.test_quester_failure_still_cancels_outstanding_hitter_movement) ... ok
test_cancellation_releases_both_owners (tests.test_quest_party_shared_target.SharedQuestTargetTests.test_cancellation_releases_both_owners) ... ok
test_client_group_flag_overrides_global_default (tests.test_quest_415_baseline.OrdinaryDialogue415Tests.test_client_group_flag_overrides_global_default) ... Executing <Task pending name='Task-135' coro=<OrdinaryDialogue415Tests.test_client_group_flag_overrides_global_default() running at D:\XuanShuTool\XuanShu-Project\XuanShu\tests\test_quest_415_baseline.py:281> wait_for=<Future pending cb=[Task.task_wakeup()] created at D:\program files\Python\python313\Lib\asyncio\base_events.py:459> cb=[_run_until_complete_cb() at D:\program files\Python\python313\Lib\asyncio\base_events.py:181] created at D:\program files\Python\python313\Lib\asyncio\runners.py:100> took 0.102 seconds
ok
test_global_side_accept_default_reaches_actual_acceptance (tests.test_quest_415_baseline.OrdinaryDialogue415Tests.test_global_side_accept_default_reaches_actual_acceptance) ... ok
test_one_or_many_npc_choices_exit_without_choosing_indexed_quest (tests.test_quest_415_baseline.OrdinaryDialogue415Tests.test_one_or_many_npc_choices_exit_without_choosing_indexed_quest) ... ok
test_side_accept_off_declines_without_changing_owned_quest (tests.test_quest_415_baseline.OrdinaryDialogue415Tests.test_side_accept_off_declines_without_changing_owned_quest) ... ok
test_task_only_dialogue_only_and_combined_share_old_page_rules (tests.test_quest_415_baseline.OrdinaryDialogue415Tests.test_task_only_dialogue_only_and_combined_share_old_page_rules) ... ok
test_explicit_finder_can_pause_but_disabling_it_releases_current_goal (tests.test_quest_415_baseline.OrdinaryQuest415Tests.test_explicit_finder_can_pause_but_disabling_it_releases_current_goal) ... ok
test_legacy_world_gate_opens_and_selects_only_on_task_client (tests.test_quest_415_baseline.OrdinaryQuest415Tests.test_legacy_world_gate_opens_and_selects_only_on_task_client) ... ok
test_npc_current_goal_change_is_confirmed_without_index_lookup (tests.test_quest_415_baseline.OrdinaryQuest415Tests.test_npc_current_goal_change_is_confirmed_without_index_lookup) ... ok
test_npc_goal_id_change_confirms_progress_even_when_label_and_position_stay_same (tests.test_quest_415_baseline.OrdinaryQuest415Tests.test_npc_goal_id_change_confirms_progress_even_when_label_and_position_stay_same) ... ok
test_ordinary_quester_advances_with_loading_refilling_or_stopped_hitter (tests.test_quest_415_baseline.OrdinaryQuest415Tests.test_ordinary_quester_advances_with_loading_refilling_or_stopped_hitter) ... ok
test_slow_hitter_uses_retained_source_point_only_with_valid_source_token (tests.test_quest_415_baseline.OrdinaryQuest415Tests.test_slow_hitter_uses_retained_source_point_only_with_valid_source_token) ... ok
test_stop_after_waiting_for_input_lock_does_not_move_or_press_x (tests.test_quest_415_baseline.OrdinaryQuest415Tests.test_stop_after_waiting_for_input_lock_does_not_move_or_press_x) ... ok
test_stop_during_loop_sleep_does_not_start_another_iteration (tests.test_quest_415_baseline.OrdinaryQuest415Tests.test_stop_during_loop_sleep_does_not_start_another_iteration) ... ok
test_stopped_loading_and_battle_clients_do_not_interact (tests.test_quest_415_baseline.OrdinaryQuest415Tests.test_stopped_loading_and_battle_clients_do_not_interact) ... ok
test_target_change_during_move_does_not_interact_with_old_target (tests.test_quest_415_baseline.OrdinaryQuest415Tests.test_target_change_during_move_does_not_interact_with_old_target) ... ok
test_unindexed_and_side_quest_current_targets_continue_without_mainline_gate (tests.test_quest_415_baseline.OrdinaryQuest415Tests.test_unindexed_and_side_quest_current_targets_continue_without_mainline_gate) ... ok
test_unknown_visible_nearby_prompt_uses_the_old_x_rule (tests.test_quest_415_baseline.OrdinaryQuest415Tests.test_unknown_visible_nearby_prompt_uses_the_old_x_rule) ... ok
test_without_visible_interaction_window_no_x_is_sent (tests.test_quest_415_baseline.OrdinaryQuest415Tests.test_without_visible_interaction_window_no_x_is_sent) ... ok
test_background_x_skips_world_gate_hitter_but_keeps_other_clients (tests.test_world_gate_background_x.WorldGateBackgroundXTests.test_background_x_skips_world_gate_hitter_but_keeps_other_clients) ... ok
test_explicit_foreground_hitter_x_is_still_manual_input (tests.test_world_gate_background_x.WorldGateBackgroundXTests.test_explicit_foreground_hitter_x_is_still_manual_input) ... ok
test_open_world_selector_also_blocks_background_hitter_x (tests.test_world_gate_background_x.WorldGateBackgroundXTests.test_open_world_selector_also_blocks_background_hitter_x) ... ok
test_ordinary_hitter_interaction_still_receives_background_x (tests.test_world_gate_background_x.WorldGateBackgroundXTests.test_ordinary_hitter_interaction_still_receives_background_x) ... ok
test_other_keys_do_not_read_or_filter_world_gate (tests.test_world_gate_background_x.WorldGateBackgroundXTests.test_other_keys_do_not_read_or_filter_world_gate) ... ok
test_unreadable_hitter_ui_does_not_cancel_other_client_input (tests.test_world_gate_background_x.WorldGateBackgroundXTests.test_unreadable_hitter_ui_does_not_cancel_other_client_input) ... ok

----------------------------------------------------------------------
Ran 45 tests in 3.509s

OK
