152 INFO: PyInstaller: 6.20.0, contrib hooks: 2026.5
152 INFO: Python: 3.13.12
184 INFO: Platform: Windows-11-10.0.26300-SP0
184 INFO: Python environment: D:\XuanShuTool\XuanShu-Project\XuanShu\.venv
5485 INFO: Module search paths (PYTHONPATH):
['D:\\XuanShuTool\\XuanShu-Project\\XuanShu\\.venv\\Lib\\site-packages',
 'D:\\XuanShuTool\\XuanShu-Project\\XuanShu\\src',
 'D:\\XuanShuTool\\XuanShu-Project\\XuanShu',
 'D:\\program files\\Python\\python313\\python313.zip',
 'D:\\program files\\Python\\python313\\DLLs',
 'D:\\program files\\Python\\python313\\Lib',
 'D:\\program files\\Python\\python313',
 'D:\\XuanShuTool\\XuanShu-Project\\XuanShu\\.venv',
 'D:\\XuanShuTool\\XuanShu-Project\\XuanShu\\.venv\\Lib\\site-packages\\win32',
 'D:\\XuanShuTool\\XuanShu-Project\\XuanShu\\.venv\\Lib\\site-packages\\win32\\lib',
 'D:\\XuanShuTool\\XuanShu-Project\\XuanShu\\.venv\\Lib\\site-packages\\Pythonwin',
 'D:\\XuanShuTool\\XuanShu-Project\\XuanShu',
 'D:\\XuanShuTool\\XuanShu-Project\\XuanShu\\src']
5820 INFO: Appending 'datas' from .spec
5822 INFO: checking Analysis
5822 INFO: Building Analysis because Analysis-00.toc is non existent
5822 INFO: Looking for Python shared library...
5822 INFO: Using Python shared library: D:\program files\Python\python313\python313.dll
5822 INFO: Running Analysis Analysis-00.toc
5822 INFO: Target bytecode optimization level: 2
5822 INFO: Initializing module dependency graph...
5823 INFO: Initializing module graph hook caches...
5858 INFO: Analyzing modules for base_library.zip ...
6890 INFO: Processing standard module hook 'hook-encodings.py' from 'D:\\XuanShuTool\\XuanShu-Project\\XuanShu\\.venv\\Lib\\site-packages\\PyInstaller\\hooks'
9553 INFO: Processing standard module hook 'hook-pickle.py' from 'D:\\XuanShuTool\\XuanShu-Project\\XuanShu\\.venv\\Lib\\site-packages\\PyInstaller\\hooks'
10812 INFO: Processing standard module hook 'hook-heapq.py' from 'D:\\XuanShuTool\\XuanShu-Project\\XuanShu\\.venv\\Lib\\site-packages\\PyInstaller\\hooks'
11415 INFO: Caching module dependency graph...
11463 INFO: Analyzing D:\XuanShuTool\XuanShu-Project\XuanShu\XuanShu.py
12341 INFO: Processing standard module hook 'hook-multiprocessing.util.py' from 'D:\\XuanShuTool\\XuanShu-Project\\XuanShu\\.venv\\Lib\\site-packages\\PyInstaller\\hooks'
12627 INFO: Processing standard module hook 'hook-xml.py' from 'D:\\XuanShuTool\\XuanShu-Project\\XuanShu\\.venv\\Lib\\site-packages\\PyInstaller\\hooks'
13021 INFO: Processing standard module hook 'hook-sysconfig.py' from 'D:\\XuanShuTool\\XuanShu-Project\\XuanShu\\.venv\\Lib\\site-packages\\PyInstaller\\hooks'
13030 INFO: Processing standard module hook 'hook-_ctypes.py' from 'D:\\XuanShuTool\\XuanShu-Project\\XuanShu\\.venv\\Lib\\site-packages\\PyInstaller\\hooks'
13686 INFO: Processing standard module hook 'hook-platform.py' from 'D:\\XuanShuTool\\XuanShu-Project\\XuanShu\\.venv\\Lib\\site-packages\\PyInstaller\\hooks'
13717 INFO: Processing standard module hook 'hook-urllib3.py' from 'D:\\XuanShuTool\\XuanShu-Project\\XuanShu\\.venv\\Lib\\site-packages\\_pyinstaller_hooks_contrib\\stdhooks'
13852 INFO: Processing pre-safe-import-module hook 'hook-backports.py' from 'D:\\XuanShuTool\\XuanShu-Project\\XuanShu\\.venv\\Lib\\site-packages\\PyInstaller\\hooks\\pre_safe_import_module'
13854 INFO: SetuptoolsInfo: initializing cached setuptools info...
14323 INFO: Setuptools: 'backports' appears to be a full setuptools-vendored copy - creating alias to 'setuptools._vendor.backports'!
14337 INFO: Processing standard module hook 'hook-setuptools.py' from 'D:\\XuanShuTool\\XuanShu-Project\\XuanShu\\.venv\\Lib\\site-packages\\PyInstaller\\hooks'
14359 INFO: Processing pre-safe-import-module hook 'hook-distutils.py' from 'D:\\XuanShuTool\\XuanShu-Project\\XuanShu\\.venv\\Lib\\site-packages\\PyInstaller\\hooks\\pre_safe_import_module'
14406 INFO: Processing pre-safe-import-module hook 'hook-jaraco.py' from 'D:\\XuanShuTool\\XuanShu-Project\\XuanShu\\.venv\\Lib\\site-packages\\PyInstaller\\hooks\\pre_safe_import_module'
14408 INFO: Setuptools: 'jaraco' appears to be a full setuptools-vendored copy - creating alias to 'setuptools._vendor.jaraco'!
14424 INFO: Processing pre-safe-import-module hook 'hook-more_itertools.py' from 'D:\\XuanShuTool\\XuanShu-Project\\XuanShu\\.venv\\Lib\\site-packages\\PyInstaller\\hooks\\pre_safe_import_module'
14425 INFO: Setuptools: 'more_itertools' appears to be a setuptools-vendored copy - creating alias to 'setuptools._vendor.more_itertools'!
14626 INFO: Processing pre-safe-import-module hook 'hook-typing_extensions.py' from 'D:\\XuanShuTool\\XuanShu-Project\\XuanShu\\.venv\\Lib\\site-packages\\PyInstaller\\hooks\\pre_safe_import_module'
14763 INFO: Processing pre-safe-import-module hook 'hook-packaging.py' from 'D:\\XuanShuTool\\XuanShu-Project\\XuanShu\\.venv\\Lib\\site-packages\\PyInstaller\\hooks\\pre_safe_import_module'
15075 INFO: Processing standard module hook 'hook-setuptools._vendor.jaraco.text.py' from 'D:\\XuanShuTool\\XuanShu-Project\\XuanShu\\.venv\\Lib\\site-packages\\PyInstaller\\hooks'
15078 INFO: Processing pre-safe-import-module hook 'hook-importlib_resources.py' from 'D:\\XuanShuTool\\XuanShu-Project\\XuanShu\\.venv\\Lib\\site-packages\\PyInstaller\\hooks\\pre_safe_import_module'
15935 INFO: Processing pre-safe-import-module hook 'hook-importlib_metadata.py' from 'D:\\XuanShuTool\\XuanShu-Project\\XuanShu\\.venv\\Lib\\site-packages\\PyInstaller\\hooks\\pre_safe_import_module'
15936 INFO: Setuptools: 'importlib_metadata' appears to be a setuptools-vendored copy - creating alias to 'setuptools._vendor.importlib_metadata'!
15976 INFO: Processing standard module hook 'hook-setuptools._vendor.importlib_metadata.py' from 'D:\\XuanShuTool\\XuanShu-Project\\XuanShu\\.venv\\Lib\\site-packages\\PyInstaller\\hooks'
16006 INFO: Processing pre-safe-import-module hook 'hook-zipp.py' from 'D:\\XuanShuTool\\XuanShu-Project\\XuanShu\\.venv\\Lib\\site-packages\\PyInstaller\\hooks\\pre_safe_import_module'
16007 INFO: Setuptools: 'zipp' appears to be a setuptools-vendored copy - creating alias to 'setuptools._vendor.zipp'!
16343 INFO: Processing pre-safe-import-module hook 'hook-tomli.py' from 'D:\\XuanShuTool\\XuanShu-Project\\XuanShu\\.venv\\Lib\\site-packages\\PyInstaller\\hooks\\pre_safe_import_module'
16344 INFO: Setuptools: 'tomli' appears to be a setuptools-vendored copy - creating alias to 'setuptools._vendor.tomli'!
17032 INFO: Processing pre-safe-import-module hook 'hook-wheel.py' from 'D:\\XuanShuTool\\XuanShu-Project\\XuanShu\\.venv\\Lib\\site-packages\\PyInstaller\\hooks\\pre_safe_import_module'
17033 INFO: Setuptools: 'wheel' appears to be a setuptools-vendored copy - creating alias to 'setuptools._vendor.wheel'!
17885 INFO: Processing standard module hook 'hook-certifi.py' from 'D:\\XuanShuTool\\XuanShu-Project\\XuanShu\\.venv\\Lib\\site-packages\\_pyinstaller_hooks_contrib\\stdhooks'
18015 INFO: Processing standard module hook 'hook-charset_normalizer.py' from 'D:\\XuanShuTool\\XuanShu-Project\\XuanShu\\.venv\\Lib\\site-packages\\_pyinstaller_hooks_contrib\\stdhooks'
18230 INFO: Processing standard module hook 'hook-cryptography.py' from 'D:\\XuanShuTool\\XuanShu-Project\\XuanShu\\.venv\\Lib\\site-packages\\_pyinstaller_hooks_contrib\\stdhooks'
20074 INFO: hook-cryptography: cryptography does not seem to be using dynamically linked OpenSSL.
20850 INFO: Processing pre-find-module-path hook 'hook-wizwalker.py' from 'D:\\XuanShuTool\\XuanShu-Project\\XuanShu\\packaging\\pyinstaller_hooks\\pre_find_module_path'
20935 INFO: Processing standard module hook 'hook-appdirs.py' from 'D:\\XuanShuTool\\XuanShu-Project\\XuanShu\\.venv\\Lib\\site-packages\\_pyinstaller_hooks_contrib\\stdhooks'
21219 INFO: Processing standard module hook 'hook-difflib.py' from 'D:\\XuanShuTool\\XuanShu-Project\\XuanShu\\.venv\\Lib\\site-packages\\PyInstaller\\hooks'
21494 INFO: Processing standard module hook 'hook-regex.py' from 'D:\\XuanShuTool\\XuanShu-Project\\XuanShu\\.venv\\Lib\\site-packages\\_pyinstaller_hooks_contrib\\stdhooks'
23092 INFO: Processing standard module hook 'hook-PyQt6.py' from 'D:\\XuanShuTool\\XuanShu-Project\\XuanShu\\.venv\\Lib\\site-packages\\PyInstaller\\hooks'
23894 INFO: Processing standard module hook 'hook-PyQt6.QtCore.py' from 'D:\\XuanShuTool\\XuanShu-Project\\XuanShu\\.venv\\Lib\\site-packages\\PyInstaller\\hooks'
29307 INFO: Processing standard module hook 'hook-PyQt6.QtGui.py' from 'D:\\XuanShuTool\\XuanShu-Project\\XuanShu\\.venv\\Lib\\site-packages\\PyInstaller\\hooks'
50518 INFO: Processing standard module hook 'hook-PyQt6.QtSvg.py' from 'D:\\XuanShuTool\\XuanShu-Project\\XuanShu\\.venv\\Lib\\site-packages\\PyInstaller\\hooks'
52596 INFO: Processing standard module hook 'hook-PyQt6.QtWidgets.py' from 'D:\\XuanShuTool\\XuanShu-Project\\XuanShu\\.venv\\Lib\\site-packages\\PyInstaller\\hooks'
58563 INFO: Processing pre-find-module-path hook 'hook-wizwalker.extensions.wizsprinter.sprinty_combat.py' from 'D:\\XuanShuTool\\XuanShu-Project\\XuanShu\\packaging\\pyinstaller_hooks\\pre_find_module_path'
58737 INFO: Processing standard module hook 'hook-lark.py' from 'D:\\XuanShuTool\\XuanShu-Project\\XuanShu\\.venv\\Lib\\site-packages\\lark\\__pyinstaller'
60730 INFO: Processing standard module hook 'hook-xml.etree.cElementTree.py' from 'D:\\XuanShuTool\\XuanShu-Project\\XuanShu\\.venv\\Lib\\site-packages\\PyInstaller\\hooks'
60733 INFO: Processing standard module hook 'hook-shapely.py' from 'D:\\XuanShuTool\\XuanShu-Project\\XuanShu\\.venv\\Lib\\site-packages\\_pyinstaller_hooks_contrib\\stdhooks'
60782 INFO: Processing standard module hook 'hook-numpy.py' from 'D:\\XuanShuTool\\XuanShu-Project\\XuanShu\\.venv\\Lib\\site-packages\\PyInstaller\\hooks'
66426 INFO: Analyzing hidden import 'wizwalker.extensions.wizsprinter.combat_lifting'
66436 INFO: Analyzing hidden import 'wizwalker.memory.memory_objects.combat_action'
66452 INFO: Analyzing hidden import 'lark.__pyinstaller'
66454 INFO: Analyzing hidden import 'lark.__pyinstaller.hook-lark'
66802 INFO: Processing standard module hook 'hook-win32ctypes.core.py' from 'D:\\XuanShuTool\\XuanShu-Project\\XuanShu\\.venv\\Lib\\site-packages\\PyInstaller\\hooks'
67630 INFO: Processing standard module hook 'hook-pycparser.py' from 'D:\\XuanShuTool\\XuanShu-Project\\XuanShu\\.venv\\Lib\\site-packages\\_pyinstaller_hooks_contrib\\stdhooks'
68418 INFO: Analyzing hidden import 'lark.ast_utils'
68422 INFO: Analyzing hidden import 'lark.grammars'
68423 INFO: Analyzing hidden import 'lark.indenter'
68431 INFO: Analyzing hidden import 'lark.reconstruct'
68451 INFO: Analyzing hidden import 'lark.tools'
68457 INFO: Analyzing hidden import 'lark.tools.nearley'
68471 INFO: Analyzing hidden import 'lark.tools.serialize'
68474 INFO: Analyzing hidden import 'lark.tools.standalone'
68484 INFO: Analyzing hidden import 'lark.tree_templates'
68496 INFO: Processing module hooks (post-graph stage)...
68506 WARNING: Hidden import "pycparser.lextab" not found!
68506 WARNING: Hidden import "pycparser.yacctab" not found!
68691 INFO: Performing binary vs. data reclassification (195 entries)
68824 INFO: Looking for ctypes DLLs
69175 INFO: Analyzing run-time hooks ...
69175 INFO: Including custom run-time hook 'D:\\XuanShuTool\\XuanShu-Project\\XuanShu\\_pyi_rthook_font.py'
69177 INFO: Including custom run-time hook 'D:\\XuanShuTool\\XuanShu-Project\\XuanShu\\_pyi_rthook_wizsprinter.py'
69185 INFO: Including run-time hook 'pyi_rth_inspect.py' from 'D:\\XuanShuTool\\XuanShu-Project\\XuanShu\\.venv\\Lib\\site-packages\\PyInstaller\\hooks\\rthooks'
69190 INFO: Including run-time hook 'pyi_rth_pkgutil.py' from 'D:\\XuanShuTool\\XuanShu-Project\\XuanShu\\.venv\\Lib\\site-packages\\PyInstaller\\hooks\\rthooks'
69194 INFO: Including run-time hook 'pyi_rth_multiprocessing.py' from 'D:\\XuanShuTool\\XuanShu-Project\\XuanShu\\.venv\\Lib\\site-packages\\PyInstaller\\hooks\\rthooks'
69199 INFO: Including run-time hook 'pyi_rth_setuptools.py' from 'D:\\XuanShuTool\\XuanShu-Project\\XuanShu\\.venv\\Lib\\site-packages\\PyInstaller\\hooks\\rthooks'
69201 INFO: Including run-time hook 'pyi_rth_pyqt6.py' from 'D:\\XuanShuTool\\XuanShu-Project\\XuanShu\\.venv\\Lib\\site-packages\\PyInstaller\\hooks\\rthooks'
69206 INFO: Processing pre-find-module-path hook 'hook-_pyi_rth_utils.py' from 'D:\\XuanShuTool\\XuanShu-Project\\XuanShu\\.venv\\Lib\\site-packages\\PyInstaller\\hooks\\pre_find_module_path'
69209 INFO: Processing standard module hook 'hook-_pyi_rth_utils.py' from 'D:\\XuanShuTool\\XuanShu-Project\\XuanShu\\.venv\\Lib\\site-packages\\PyInstaller\\hooks'
69213 INFO: Including run-time hook 'pyi_rth_cryptography_openssl.py' from 'D:\\XuanShuTool\\XuanShu-Project\\XuanShu\\.venv\\Lib\\site-packages\\_pyinstaller_hooks_contrib\\rthooks'
69234 INFO: Creating base_library.zip...
69520 INFO: Looking for dynamic libraries
70427 INFO: Extra DLL search directories (AddDllDirectory): ['D:\\XuanShuTool\\XuanShu-Project\\XuanShu\\.venv\\Lib\\site-packages\\PyQt6\\Qt6\\bin', 'D:\\XuanShuTool\\XuanShu-Project\\XuanShu\\.venv\\Lib\\site-packages\\shapely.libs', 'D:\\XuanShuTool\\XuanShu-Project\\XuanShu\\.venv\\Lib\\site-packages\\numpy.libs']
70427 INFO: Extra DLL search directories (PATH): ['D:\\XuanShuTool\\XuanShu-Project\\XuanShu\\.venv\\Lib\\site-packages\\PyQt6\\Qt6\\bin']
72331 INFO: Warnings written to D:\XuanShuTool\XuanShu-Project\XuanShu\artifacts\auto-quest-415-base-20261009-163300\build\XuanShu\warn-XuanShu.txt
72450 INFO: Graph cross-reference written to D:\XuanShuTool\XuanShu-Project\XuanShu\artifacts\auto-quest-415-base-20261009-163300\build\XuanShu\xref-XuanShu.html
72760 INFO: checking PYZ
72760 INFO: Building PYZ because PYZ-00.toc is non existent
72760 INFO: Building PYZ (ZlibArchive) D:\XuanShuTool\XuanShu-Project\XuanShu\artifacts\auto-quest-415-base-20261009-163300\build\XuanShu\PYZ-00.pyz
77586 INFO: Building PYZ (ZlibArchive) D:\XuanShuTool\XuanShu-Project\XuanShu\artifacts\auto-quest-415-base-20261009-163300\build\XuanShu\PYZ-00.pyz completed successfully.
77627 INFO: checking PKG
77627 INFO: Building PKG because PKG-00.toc is non existent
77627 INFO: Building PKG (CArchive) XuanShu.pkg
102344 INFO: Building PKG (CArchive) XuanShu.pkg completed successfully.
102355 INFO: Bootloader D:\XuanShuTool\XuanShu-Project\XuanShu\.venv\Lib\site-packages\PyInstaller\bootloader\Windows-64bit-intel\runw.exe
102355 INFO: checking EXE
102355 INFO: Building EXE because EXE-00.toc is non existent
102355 INFO: Building EXE from EXE-00.toc
102356 INFO: Copying bootloader EXE to D:\XuanShuTool\XuanShu-Project\XuanShu\artifacts\auto-quest-415-base-20261009-163300\package\XuanShu.exe
102369 INFO: Copying icon to EXE
102380 INFO: Copying version information to EXE
102393 INFO: Copying 0 resources to EXE
102393 INFO: Embedding manifest in EXE
102403 INFO: Appending PKG archive to EXE
102524 INFO: Fixing EXE headers
103006 INFO: Building EXE from EXE-00.toc completed successfully.
103016 INFO: Build complete! The results are available in: D:\XuanShuTool\XuanShu-Project\XuanShu\artifacts\auto-quest-415-base-20261009-163300\package
[XuanShu.spec] wizwalker: D:\XuanShuTool\XuanShu-Project\XuanShu\.venv\Lib\site-packages\wizwalker
[XuanShu.spec] wizwalker.extensions.wizsprinter: D:\XuanShuTool\XuanShu-Project\XuanShu\.venv\Lib\site-packages\wizwalker\extensions\wizsprinter
[XuanShu.spec] wizlaunch: D:\XuanShuTool\XuanShu-Project\XuanShu\.venv\Lib\site-packages\wizlaunch
[XuanShu.spec] numpy: D:\XuanShuTool\XuanShu-Project\XuanShu\.venv\Lib\site-packages\numpy
[XuanShu.spec] shapely: D:\XuanShuTool\XuanShu-Project\XuanShu\.venv\Lib\site-packages\shapely
[XuanShu.spec] wizlaunch version: 0.3.1
[XuanShu.spec] removed 46 contaminated binaries entries
