test_cancellation_releases_lock (tests.test_nightmare_krok_recovery.NightmareKrokRecoveryTests.test_cancellation_releases_lock) ... ok
test_failed_point_retries_twice_without_x_or_looping (tests.test_nightmare_krok_recovery.NightmareKrokRecoveryTests.test_failed_point_retries_twice_without_x_or_looping) ... ok
test_failed_x_is_retried_once_at_the_same_point (tests.test_nightmare_krok_recovery.NightmareKrokRecoveryTests.test_failed_x_is_retried_once_at_the_same_point) ... ok
test_final_tp_error_after_zone_change_still_waits_for_stability (tests.test_nightmare_krok_recovery.NightmareKrokRecoveryTests.test_final_tp_error_after_zone_change_still_waits_for_stability) ... ok
test_final_zone_timeout_releases_lock (tests.test_nightmare_krok_recovery.NightmareKrokRecoveryTests.test_final_zone_timeout_releases_lock) ... ok
test_loading_must_finish_and_new_zone_stabilize (tests.test_nightmare_krok_recovery.NightmareKrokRecoveryTests.test_loading_must_finish_and_new_zone_stabilize) ... ok
test_loading_without_zone_change_times_out (tests.test_nightmare_krok_recovery.NightmareKrokRecoveryTests.test_loading_without_zone_change_times_out) ... ok
test_quest_progress_resets_stall_window (tests.test_nightmare_krok_recovery.NightmareKrokRecoveryTests.test_quest_progress_resets_stall_window) ... ok
test_strict_twelve_point_order_then_exit_and_stable_zone (tests.test_nightmare_krok_recovery.NightmareKrokRecoveryTests.test_strict_twelve_point_order_then_exit_and_stable_zone) ... ok
test_dialogue_worker_records_short_page_between_route_ticks (tests.test_darkmoor_castle_route.DarkmoorCastleRouteTests.test_dialogue_worker_records_short_page_between_route_ticks) ... Executing <Task finished name='Task-47' coro=<DarkmoorCastleRouteTests.test_dialogue_worker_records_short_page_between_route_ticks() done, defined at D:\XuanShuTool\XuanShu-Project\XuanShu\tests\test_darkmoor_castle_route.py:289> exception=AssertionError("None != 'darkmoor_cantrip'") created at D:\program files\Python\python313\Lib\asyncio\runners.py:100> took 1.000 seconds
FAIL

======================================================================
FAIL: test_dialogue_worker_records_short_page_between_route_ticks (tests.test_darkmoor_castle_route.DarkmoorCastleRouteTests.test_dialogue_worker_records_short_page_between_route_ticks)
----------------------------------------------------------------------
Traceback (most recent call last):
  File "D:\program files\Python\python313\Lib\asyncio\runners.py", line 118, in run
    return self._loop.run_until_complete(task)
           ~~~~~~~~~~~~~~~~~~~~~~~~~~~~~^^^^^^
  File "D:\program files\Python\python313\Lib\asyncio\base_events.py", line 725, in run_until_complete
    return future.result()
           ~~~~~~~~~~~~~^^
  File "D:\XuanShuTool\XuanShu-Project\XuanShu\tests\test_darkmoor_castle_route.py", line 294, in test_dialogue_worker_records_short_page_between_route_ticks
    self.assertTrue(await self.quester._advance_npc_dialogue(self.client))
                    ^^^^^^^^^^^^^^^^^^^^^^^^^^^^^^^^^^^^^^^^^^^^^^^^^^^^^
  File "D:\XuanShuTool\XuanShu-Project\XuanShu\src\questing.py", line 2633, in _advance_npc_dialogue
    await self._click_ui_window(client, button)
  File "D:\program files\Python\python313\Lib\unittest\mock.py", line 2332, in _execute_mock_call
    result = await effect(*args, **kwargs)
             ^^^^^^^^^^^^^^^^^^^^^^^^^^^^^
  File "D:\XuanShuTool\XuanShu-Project\XuanShu\tests\test_darkmoor_castle_route.py", line 66, in click
    self.assert_owned()
    ~~~~~~~~~~~~~~~~~^^
  File "D:\XuanShuTool\XuanShu-Project\XuanShu\tests\test_darkmoor_castle_route.py", line 106, in assert_owned
    self.assertEqual(self.client.quest_recovery_owner, 'darkmoor_cantrip')
    ~~~~~~~~~~~~~~~~^^^^^^^^^^^^^^^^^^^^^^^^^^^^^^^^^^^^^^^^^^^^^^^^^^^^^^
AssertionError: None != 'darkmoor_cantrip'

----------------------------------------------------------------------
Ran 10 tests in 0.151s

FAILED (failures=1)
No production code changed; only concrete missing client fields supplied.
