test_exit_confirmation_and_party_transition (tests.test_power_core_recovery.PowerCoreRecoveryTests.test_exit_confirmation_and_party_transition) ... Executing <Task finished name='Task-2' coro=<PowerCoreRecoveryTests.test_exit_confirmation_and_party_transition() done, defined at D:\XuanShuTool\XuanShu-Project\XuanShu\tests\test_power_core_recovery.py:100> exception=AssertionError('Expected mock to have been awaited once. Awaited 0 times.') created at D:\program files\Python\python313\Lib\asyncio\runners.py:100> took 360.000 seconds
FAIL
test_strict_twelve_point_order_then_exit_and_stable_zone (tests.test_nightmare_krok_recovery.NightmareKrokRecoveryTests.test_strict_twelve_point_order_then_exit_and_stable_zone) ... FAIL
test_dialogue_worker_records_short_page_between_route_ticks (tests.test_darkmoor_castle_route.DarkmoorCastleRouteTests.test_dialogue_worker_records_short_page_between_route_ticks) ... Executing <Task finished name='Task-12' coro=<DarkmoorCastleRouteTests.test_dialogue_worker_records_short_page_between_route_ticks() done, defined at D:\XuanShuTool\XuanShu-Project\XuanShu\tests\test_darkmoor_castle_route.py:289> exception=AssertionError('False is not true') created at D:\program files\Python\python313\Lib\asyncio\runners.py:100> took 1.000 seconds
FAIL

======================================================================
FAIL: test_exit_confirmation_and_party_transition (tests.test_power_core_recovery.PowerCoreRecoveryTests.test_exit_confirmation_and_party_transition)
----------------------------------------------------------------------
Traceback (most recent call last):
  File "D:\program files\Python\python313\Lib\asyncio\runners.py", line 118, in run
    return self._loop.run_until_complete(task)
           ~~~~~~~~~~~~~~~~~~~~~~~~~~~~~^^^^^^
  File "D:\program files\Python\python313\Lib\asyncio\base_events.py", line 725, in run_until_complete
    return future.result()
           ~~~~~~~~~~~~~^^
  File "D:\XuanShuTool\XuanShu-Project\XuanShu\tests\test_power_core_recovery.py", line 107, in test_exit_confirmation_and_party_transition
    self.assert_changed()
    ~~~~~~~~~~~~~~~~~~~^^
  File "D:\XuanShuTool\XuanShu-Project\XuanShu\tests\test_power_core_recovery.py", line 74, in assert_changed
    self.client.teleport.assert_awaited_once_with(Quester.POWER_CORE_EXIT)
    ~~~~~~~~~~~~~~~~~~~~~~~~~~~~~~~~~~~~~~~~~~~~~^^^^^^^^^^^^^^^^^^^^^^^^^
  File "D:\program files\Python\python313\Lib\unittest\mock.py", line 2392, in assert_awaited_once_with
    raise AssertionError(msg)
AssertionError: Expected mock to have been awaited once. Awaited 0 times.

======================================================================
FAIL: test_strict_twelve_point_order_then_exit_and_stable_zone (tests.test_nightmare_krok_recovery.NightmareKrokRecoveryTests.test_strict_twelve_point_order_then_exit_and_stable_zone)
----------------------------------------------------------------------
Traceback (most recent call last):
  File "D:\program files\Python\python313\Lib\asyncio\runners.py", line 118, in run
    return self._loop.run_until_complete(task)
           ~~~~~~~~~~~~~~~~~~~~~~~~~~~~~^^^^^^
  File "D:\program files\Python\python313\Lib\asyncio\base_events.py", line 725, in run_until_complete
    return future.result()
           ~~~~~~~~~~~~~^^
  File "D:\XuanShuTool\XuanShu-Project\XuanShu\tests\test_nightmare_krok_recovery.py", line 58, in test_strict_twelve_point_order_then_exit_and_stable_zone
    self.assertTrue(await self.start_recovery())
    ~~~~~~~~~~~~~~~^^^^^^^^^^^^^^^^^^^^^^^^^^^^^
Representative failing cases against captured initial methods: 3 failures, 0 errors
AssertionError: False is not true

======================================================================
FAIL: test_dialogue_worker_records_short_page_between_route_ticks (tests.test_darkmoor_castle_route.DarkmoorCastleRouteTests.test_dialogue_worker_records_short_page_between_route_ticks)
----------------------------------------------------------------------
Traceback (most recent call last):
  File "D:\program files\Python\python313\Lib\asyncio\runners.py", line 118, in run
    return self._loop.run_until_complete(task)
           ~~~~~~~~~~~~~~~~~~~~~~~~~~~~~^^^^^^
  File "D:\program files\Python\python313\Lib\asyncio\base_events.py", line 725, in run_until_complete
    return future.result()
           ~~~~~~~~~~~~~^^
  File "D:\XuanShuTool\XuanShu-Project\XuanShu\tests\test_darkmoor_castle_route.py", line 294, in test_dialogue_worker_records_short_page_between_route_ticks
    self.assertTrue(await self.quester._advance_npc_dialogue(self.client))
    ~~~~~~~~~~~~~~~^^^^^^^^^^^^^^^^^^^^^^^^^^^^^^^^^^^^^^^^^^^^^^^^^^^^^^^
AssertionError: False is not true

----------------------------------------------------------------------
Ran 3 tests in 0.052s

FAILED (failures=3)
