164 INFO: PyInstaller: 6.20.0, contrib hooks: 2026.5
164 INFO: Python: 3.13.12
180 INFO: Platform: Windows-11-10.0.26300-SP0
180 INFO: Python environment: D:\XuanShuTool\XuanShu-Project\XuanShu\.venv
9001 INFO: Module search paths (PYTHONPATH):
['D:\\XuanShuTool\\XuanShu-Project\\XuanShu\\.venv\\Lib\\site-packages',
 'D:\\XuanShuTool\\XuanShu-Project\\XuanShu\\src',
 'D:\\XuanShuTool\\XuanShu-Project\\XuanShu',
 'D:\\program files\\Python\\python313\\python313.zip',
 'D:\\program files\\Python\\python313\\DLLs',
 'D:\\program files\\Python\\python313\\Lib',
 'D:\\program files\\Python\\python313',
 'D:\\XuanShuTool\\XuanShu-Project\\XuanShu\\.venv',
 'D:\\XuanShuTool\\XuanShu-Project\\XuanShu\\.venv\\Lib\\site-packages\\win32',
 'D:\\XuanShuTool\\XuanShu-Project\\XuanShu\\.venv\\Lib\\site-packages\\win32\\lib',
 'D:\\XuanShuTool\\XuanShu-Project\\XuanShu\\.venv\\Lib\\site-packages\\Pythonwin',
 'D:\\XuanShuTool\\XuanShu-Project\\XuanShu',
 'D:\\XuanShuTool\\XuanShu-Project\\XuanShu\\src']
9575 INFO: Appending 'datas' from .spec
9614 INFO: checking Analysis
9640 INFO: Building because D:\XuanShuTool\XuanShu-Project\XuanShu\.venv\Lib\site-packages\wizlaunch\__init__.pyi changed
9640 INFO: Looking for Python shared library...
9640 INFO: Using Python shared library: D:\program files\Python\python313\python313.dll
9640 INFO: Running Analysis Analysis-00.toc
9640 INFO: Target bytecode optimization level: 2
9640 INFO: Initializing module dependency graph...
9642 INFO: Initializing module graph hook caches...
9678 INFO: Analyzing modules for base_library.zip ...
11264 INFO: Processing standard module hook 'hook-encodings.py' from 'D:\\XuanShuTool\\XuanShu-Project\\XuanShu\\.venv\\Lib\\site-packages\\PyInstaller\\hooks'
14103 INFO: Processing standard module hook 'hook-pickle.py' from 'D:\\XuanShuTool\\XuanShu-Project\\XuanShu\\.venv\\Lib\\site-packages\\PyInstaller\\hooks'
15565 INFO: Processing standard module hook 'hook-heapq.py' from 'D:\\XuanShuTool\\XuanShu-Project\\XuanShu\\.venv\\Lib\\site-packages\\PyInstaller\\hooks'
16298 INFO: Caching module dependency graph...
16358 INFO: Analyzing D:\XuanShuTool\XuanShu-Project\XuanShu\XuanShu.py
17259 INFO: Processing standard module hook 'hook-multiprocessing.util.py' from 'D:\\XuanShuTool\\XuanShu-Project\\XuanShu\\.venv\\Lib\\site-packages\\PyInstaller\\hooks'
17545 INFO: Processing standard module hook 'hook-xml.py' from 'D:\\XuanShuTool\\XuanShu-Project\\XuanShu\\.venv\\Lib\\site-packages\\PyInstaller\\hooks'
17990 INFO: Processing standard module hook 'hook-sysconfig.py' from 'D:\\XuanShuTool\\XuanShu-Project\\XuanShu\\.venv\\Lib\\site-packages\\PyInstaller\\hooks'
18000 INFO: Processing standard module hook 'hook-_ctypes.py' from 'D:\\XuanShuTool\\XuanShu-Project\\XuanShu\\.venv\\Lib\\site-packages\\PyInstaller\\hooks'
18602 INFO: Processing standard module hook 'hook-platform.py' from 'D:\\XuanShuTool\\XuanShu-Project\\XuanShu\\.venv\\Lib\\site-packages\\PyInstaller\\hooks'
18640 INFO: Processing standard module hook 'hook-urllib3.py' from 'D:\\XuanShuTool\\XuanShu-Project\\XuanShu\\.venv\\Lib\\site-packages\\_pyinstaller_hooks_contrib\\stdhooks'
18778 INFO: Processing pre-safe-import-module hook 'hook-backports.py' from 'D:\\XuanShuTool\\XuanShu-Project\\XuanShu\\.venv\\Lib\\site-packages\\PyInstaller\\hooks\\pre_safe_import_module'
18779 INFO: SetuptoolsInfo: initializing cached setuptools info...
19543 INFO: Setuptools: 'backports' appears to be a full setuptools-vendored copy - creating alias to 'setuptools._vendor.backports'!
19554 INFO: Processing standard module hook 'hook-setuptools.py' from 'D:\\XuanShuTool\\XuanShu-Project\\XuanShu\\.venv\\Lib\\site-packages\\PyInstaller\\hooks'
19579 INFO: Processing pre-safe-import-module hook 'hook-distutils.py' from 'D:\\XuanShuTool\\XuanShu-Project\\XuanShu\\.venv\\Lib\\site-packages\\PyInstaller\\hooks\\pre_safe_import_module'
19631 INFO: Processing pre-safe-import-module hook 'hook-jaraco.py' from 'D:\\XuanShuTool\\XuanShu-Project\\XuanShu\\.venv\\Lib\\site-packages\\PyInstaller\\hooks\\pre_safe_import_module'
19632 INFO: Setuptools: 'jaraco' appears to be a full setuptools-vendored copy - creating alias to 'setuptools._vendor.jaraco'!
19652 INFO: Processing pre-safe-import-module hook 'hook-more_itertools.py' from 'D:\\XuanShuTool\\XuanShu-Project\\XuanShu\\.venv\\Lib\\site-packages\\PyInstaller\\hooks\\pre_safe_import_module'
19652 INFO: Setuptools: 'more_itertools' appears to be a setuptools-vendored copy - creating alias to 'setuptools._vendor.more_itertools'!
19865 INFO: Processing pre-safe-import-module hook 'hook-typing_extensions.py' from 'D:\\XuanShuTool\\XuanShu-Project\\XuanShu\\.venv\\Lib\\site-packages\\PyInstaller\\hooks\\pre_safe_import_module'
20013 INFO: Processing pre-safe-import-module hook 'hook-packaging.py' from 'D:\\XuanShuTool\\XuanShu-Project\\XuanShu\\.venv\\Lib\\site-packages\\PyInstaller\\hooks\\pre_safe_import_module'
20362 INFO: Processing standard module hook 'hook-setuptools._vendor.jaraco.text.py' from 'D:\\XuanShuTool\\XuanShu-Project\\XuanShu\\.venv\\Lib\\site-packages\\PyInstaller\\hooks'
20364 INFO: Processing pre-safe-import-module hook 'hook-importlib_resources.py' from 'D:\\XuanShuTool\\XuanShu-Project\\XuanShu\\.venv\\Lib\\site-packages\\PyInstaller\\hooks\\pre_safe_import_module'
21264 INFO: Processing pre-safe-import-module hook 'hook-importlib_metadata.py' from 'D:\\XuanShuTool\\XuanShu-Project\\XuanShu\\.venv\\Lib\\site-packages\\PyInstaller\\hooks\\pre_safe_import_module'
21265 INFO: Setuptools: 'importlib_metadata' appears to be a setuptools-vendored copy - creating alias to 'setuptools._vendor.importlib_metadata'!
21307 INFO: Processing standard module hook 'hook-setuptools._vendor.importlib_metadata.py' from 'D:\\XuanShuTool\\XuanShu-Project\\XuanShu\\.venv\\Lib\\site-packages\\PyInstaller\\hooks'
21358 INFO: Processing pre-safe-import-module hook 'hook-zipp.py' from 'D:\\XuanShuTool\\XuanShu-Project\\XuanShu\\.venv\\Lib\\site-packages\\PyInstaller\\hooks\\pre_safe_import_module'
21359 INFO: Setuptools: 'zipp' appears to be a setuptools-vendored copy - creating alias to 'setuptools._vendor.zipp'!
21774 INFO: Processing pre-safe-import-module hook 'hook-tomli.py' from 'D:\\XuanShuTool\\XuanShu-Project\\XuanShu\\.venv\\Lib\\site-packages\\PyInstaller\\hooks\\pre_safe_import_module'
21775 INFO: Setuptools: 'tomli' appears to be a setuptools-vendored copy - creating alias to 'setuptools._vendor.tomli'!
22567 INFO: Processing pre-safe-import-module hook 'hook-wheel.py' from 'D:\\XuanShuTool\\XuanShu-Project\\XuanShu\\.venv\\Lib\\site-packages\\PyInstaller\\hooks\\pre_safe_import_module'
22568 INFO: Setuptools: 'wheel' appears to be a setuptools-vendored copy - creating alias to 'setuptools._vendor.wheel'!
23473 INFO: Processing standard module hook 'hook-certifi.py' from 'D:\\XuanShuTool\\XuanShu-Project\\XuanShu\\.venv\\Lib\\site-packages\\_pyinstaller_hooks_contrib\\stdhooks'
23556 INFO: Processing standard module hook 'hook-charset_normalizer.py' from 'D:\\XuanShuTool\\XuanShu-Project\\XuanShu\\.venv\\Lib\\site-packages\\_pyinstaller_hooks_contrib\\stdhooks'
23778 INFO: Processing standard module hook 'hook-cryptography.py' from 'D:\\XuanShuTool\\XuanShu-Project\\XuanShu\\.venv\\Lib\\site-packages\\_pyinstaller_hooks_contrib\\stdhooks'
25522 INFO: hook-cryptography: cryptography does not seem to be using dynamically linked OpenSSL.
26457 INFO: Processing pre-find-module-path hook 'hook-wizwalker.py' from 'D:\\XuanShuTool\\XuanShu-Project\\XuanShu\\packaging\\pyinstaller_hooks\\pre_find_module_path'
26541 INFO: Processing standard module hook 'hook-appdirs.py' from 'D:\\XuanShuTool\\XuanShu-Project\\XuanShu\\.venv\\Lib\\site-packages\\_pyinstaller_hooks_contrib\\stdhooks'
26917 INFO: Processing standard module hook 'hook-difflib.py' from 'D:\\XuanShuTool\\XuanShu-Project\\XuanShu\\.venv\\Lib\\site-packages\\PyInstaller\\hooks'
27208 INFO: Processing standard module hook 'hook-regex.py' from 'D:\\XuanShuTool\\XuanShu-Project\\XuanShu\\.venv\\Lib\\site-packages\\_pyinstaller_hooks_contrib\\stdhooks'
28825 INFO: Processing standard module hook 'hook-PyQt6.py' from 'D:\\XuanShuTool\\XuanShu-Project\\XuanShu\\.venv\\Lib\\site-packages\\PyInstaller\\hooks'
29701 INFO: Processing standard module hook 'hook-PyQt6.QtCore.py' from 'D:\\XuanShuTool\\XuanShu-Project\\XuanShu\\.venv\\Lib\\site-packages\\PyInstaller\\hooks'
33743 INFO: Processing standard module hook 'hook-PyQt6.QtGui.py' from 'D:\\XuanShuTool\\XuanShu-Project\\XuanShu\\.venv\\Lib\\site-packages\\PyInstaller\\hooks'
48275 INFO: Processing standard module hook 'hook-PyQt6.QtSvg.py' from 'D:\\XuanShuTool\\XuanShu-Project\\XuanShu\\.venv\\Lib\\site-packages\\PyInstaller\\hooks'
50127 INFO: Processing standard module hook 'hook-PyQt6.QtWidgets.py' from 'D:\\XuanShuTool\\XuanShu-Project\\XuanShu\\.venv\\Lib\\site-packages\\PyInstaller\\hooks'
53228 INFO: Processing pre-find-module-path hook 'hook-wizwalker.extensions.wizsprinter.sprinty_combat.py' from 'D:\\XuanShuTool\\XuanShu-Project\\XuanShu\\packaging\\pyinstaller_hooks\\pre_find_module_path'
53318 INFO: Processing standard module hook 'hook-lark.py' from 'D:\\XuanShuTool\\XuanShu-Project\\XuanShu\\.venv\\Lib\\site-packages\\lark\\__pyinstaller'
54490 INFO: Processing standard module hook 'hook-xml.etree.cElementTree.py' from 'D:\\XuanShuTool\\XuanShu-Project\\XuanShu\\.venv\\Lib\\site-packages\\PyInstaller\\hooks'
54494 INFO: Processing standard module hook 'hook-shapely.py' from 'D:\\XuanShuTool\\XuanShu-Project\\XuanShu\\.venv\\Lib\\site-packages\\_pyinstaller_hooks_contrib\\stdhooks'
54520 INFO: Processing standard module hook 'hook-numpy.py' from 'D:\\XuanShuTool\\XuanShu-Project\\XuanShu\\.venv\\Lib\\site-packages\\PyInstaller\\hooks'
58093 INFO: Analyzing hidden import 'wizwalker.extensions.wizsprinter.combat_lifting'
58098 INFO: Analyzing hidden import 'wizwalker.memory.memory_objects.combat_action'
58107 INFO: Analyzing hidden import 'lark.__pyinstaller'
58109 INFO: Analyzing hidden import 'lark.__pyinstaller.hook-lark'
58330 INFO: Processing standard module hook 'hook-win32ctypes.core.py' from 'D:\\XuanShuTool\\XuanShu-Project\\XuanShu\\.venv\\Lib\\site-packages\\PyInstaller\\hooks'
59584 INFO: Processing standard module hook 'hook-pycparser.py' from 'D:\\XuanShuTool\\XuanShu-Project\\XuanShu\\.venv\\Lib\\site-packages\\_pyinstaller_hooks_contrib\\stdhooks'
60463 INFO: Analyzing hidden import 'lark.ast_utils'
60468 INFO: Analyzing hidden import 'lark.grammars'
60469 INFO: Analyzing hidden import 'lark.indenter'
60477 INFO: Analyzing hidden import 'lark.reconstruct'
60494 INFO: Analyzing hidden import 'lark.tools'
60499 INFO: Analyzing hidden import 'lark.tools.nearley'
60509 INFO: Analyzing hidden import 'lark.tools.serialize'
60511 INFO: Analyzing hidden import 'lark.tools.standalone'
60518 INFO: Analyzing hidden import 'lark.tree_templates'
60525 INFO: Processing module hooks (post-graph stage)...
60532 WARNING: Hidden import "pycparser.lextab" not found!
60532 WARNING: Hidden import "pycparser.yacctab" not found!
60646 INFO: Performing binary vs. data reclassification (195 entries)
60743 INFO: Looking for ctypes DLLs
60942 INFO: Analyzing run-time hooks ...
60942 INFO: Including custom run-time hook 'D:\\XuanShuTool\\XuanShu-Project\\XuanShu\\_pyi_rthook_font.py'
60943 INFO: Including custom run-time hook 'D:\\XuanShuTool\\XuanShu-Project\\XuanShu\\_pyi_rthook_wizsprinter.py'
60948 INFO: Including run-time hook 'pyi_rth_inspect.py' from 'D:\\XuanShuTool\\XuanShu-Project\\XuanShu\\.venv\\Lib\\site-packages\\PyInstaller\\hooks\\rthooks'
60951 INFO: Including run-time hook 'pyi_rth_pkgutil.py' from 'D:\\XuanShuTool\\XuanShu-Project\\XuanShu\\.venv\\Lib\\site-packages\\PyInstaller\\hooks\\rthooks'
60954 INFO: Including run-time hook 'pyi_rth_multiprocessing.py' from 'D:\\XuanShuTool\\XuanShu-Project\\XuanShu\\.venv\\Lib\\site-packages\\PyInstaller\\hooks\\rthooks'
60956 INFO: Including run-time hook 'pyi_rth_setuptools.py' from 'D:\\XuanShuTool\\XuanShu-Project\\XuanShu\\.venv\\Lib\\site-packages\\PyInstaller\\hooks\\rthooks'
60958 INFO: Including run-time hook 'pyi_rth_pyqt6.py' from 'D:\\XuanShuTool\\XuanShu-Project\\XuanShu\\.venv\\Lib\\site-packages\\PyInstaller\\hooks\\rthooks'
60960 INFO: Processing pre-find-module-path hook 'hook-_pyi_rth_utils.py' from 'D:\\XuanShuTool\\XuanShu-Project\\XuanShu\\.venv\\Lib\\site-packages\\PyInstaller\\hooks\\pre_find_module_path'
60962 INFO: Processing standard module hook 'hook-_pyi_rth_utils.py' from 'D:\\XuanShuTool\\XuanShu-Project\\XuanShu\\.venv\\Lib\\site-packages\\PyInstaller\\hooks'
60965 INFO: Including run-time hook 'pyi_rth_cryptography_openssl.py' from 'D:\\XuanShuTool\\XuanShu-Project\\XuanShu\\.venv\\Lib\\site-packages\\_pyinstaller_hooks_contrib\\rthooks'
60977 INFO: Creating base_library.zip...
61164 INFO: Looking for dynamic libraries
62607 INFO: Extra DLL search directories (AddDllDirectory): ['D:\\XuanShuTool\\XuanShu-Project\\XuanShu\\.venv\\Lib\\site-packages\\PyQt6\\Qt6\\bin', 'D:\\XuanShuTool\\XuanShu-Project\\XuanShu\\.venv\\Lib\\site-packages\\shapely.libs', 'D:\\XuanShuTool\\XuanShu-Project\\XuanShu\\.venv\\Lib\\site-packages\\numpy.libs']
62607 INFO: Extra DLL search directories (PATH): ['D:\\XuanShuTool\\XuanShu-Project\\XuanShu\\.venv\\Lib\\site-packages\\PyQt6\\Qt6\\bin']
63708 INFO: Warnings written to D:\XuanShuTool\XuanShu-Project\XuanShu\build\XuanShu\warn-XuanShu.txt
63776 INFO: Graph cross-reference written to D:\XuanShuTool\XuanShu-Project\XuanShu\build\XuanShu\xref-XuanShu.html
63885 INFO: checking PYZ
63959 INFO: Building because D:\XuanShuTool\XuanShu-Project\XuanShu\src\gui\tab_launcher.py changed
63959 INFO: Building PYZ (ZlibArchive) D:\XuanShuTool\XuanShu-Project\XuanShu\build\XuanShu\PYZ-00.pyz
67129 INFO: Building PYZ (ZlibArchive) D:\XuanShuTool\XuanShu-Project\XuanShu\build\XuanShu\PYZ-00.pyz completed successfully.
67156 INFO: checking PKG
67159 INFO: Building because toc changed
67159 INFO: Building PKG (CArchive) XuanShu.pkg
89162 INFO: Building PKG (CArchive) XuanShu.pkg completed successfully.
89173 INFO: Bootloader D:\XuanShuTool\XuanShu-Project\XuanShu\.venv\Lib\site-packages\PyInstaller\bootloader\Windows-64bit-intel\runw.exe
89173 INFO: checking EXE
89178 INFO: Building because toc changed
89178 INFO: Building EXE from EXE-00.toc
89180 INFO: Copying bootloader EXE to D:\XuanShuTool\XuanShu-Project\XuanShu\dist\steam-login-fix\XuanShu.exe
89194 INFO: Copying icon to EXE
89206 INFO: Copying version information to EXE
89220 INFO: Copying 0 resources to EXE
89220 INFO: Embedding manifest in EXE
89235 INFO: Appending PKG archive to EXE
89321 INFO: Fixing EXE headers
89819 INFO: Building EXE from EXE-00.toc completed successfully.
89829 INFO: Build complete! The results are available in: D:\XuanShuTool\XuanShu-Project\XuanShu\dist\steam-login-fix
[XuanShu.spec] wizwalker: D:\XuanShuTool\XuanShu-Project\XuanShu\.venv\Lib\site-packages\wizwalker
[XuanShu.spec] wizwalker.extensions.wizsprinter: D:\XuanShuTool\XuanShu-Project\XuanShu\.venv\Lib\site-packages\wizwalker\extensions\wizsprinter
[XuanShu.spec] wizlaunch: D:\XuanShuTool\XuanShu-Project\XuanShu\.venv\Lib\site-packages\wizlaunch
[XuanShu.spec] numpy: D:\XuanShuTool\XuanShu-Project\XuanShu\.venv\Lib\site-packages\numpy
[XuanShu.spec] shapely: D:\XuanShuTool\XuanShu-Project\XuanShu\.venv\Lib\site-packages\shapely
[XuanShu.spec] wizlaunch version: 0.3.1
